#
# There is insufficient memory for the Java Runtime Environment to continue.
# Native memory allocation (mmap) failed to map 12582912 bytes for G1 virtual space
# Possible reasons:
#   The system is out of physical RAM or swap space
#   The process is running with CompressedOops enabled, and the Java Heap may be blocking the growth of the native heap
# Possible solutions:
#   Reduce memory load on the system
#   Increase physical memory or swap space
#   Check if swap backing store is full
#   Decrease Java heap size (-Xmx/-Xms)
#   Decrease number of Java threads
#   Decrease Java thread stack sizes (-Xss)
#   Set larger code cache with -XX:ReservedCodeCacheSize=
#   JVM is running with Zero Based Compressed Oops mode in which the Java heap is
#     placed in the first 32GB address space. The Java Heap base address is the
#     maximum limit for the native heap growth. Please use -XX:HeapBaseMinAddress
#     to set the Java Heap base and to place the Java Heap above 32GB virtual address.
# This output file may be truncated or incomplete.
#
#  Out of Memory Error (os_windows.cpp:3551), pid=21532, tid=16740
#
# JRE version: Java(TM) SE Runtime Environment (17.0.17+8) (build 17.0.17+8-LTS-360)
# Java VM: Java HotSpot(TM) 64-Bit Server VM (17.0.17+8-LTS-360, mixed mode, sharing, tiered, compressed oops, compressed class ptrs, g1 gc, windows-amd64)
# No core dump will be written. Minidumps are not enabled by default on client versions of Windows
#

---------------  S U M M A R Y ------------

Command Line: -Dapplication.home=C:\Program Files\Java\jdk-17 --add-modules=ALL-DEFAULT -Xms8m -Djdk.module.main=jdk.compiler jdk.compiler/com.sun.tools.javac.Main -d C:\Users\hashe\Desktop\OtobusBiletSatisSistemiProje-master\OtobusBiletSatisSistemiProje-master\build\classes -classpath C:\Users\hashe\Desktop\OtobusBiletSatisSistemiProje-master\OtobusBiletSatisSistemiProje-master\build\classes;C:\Users\hashe\Desktop\mysql-connector-j-8.0.33.jar -sourcepath C:\Users\hashe\Desktop\OtobusBiletSatisSistemiProje-master\OtobusBiletSatisSistemiProje-master\build\empty -target 17 -encoding UTF-8 -g -processorpath C:\Users\SuperMM\Desktop\mysql-connector-java-8.0.17\mysql-connector-java-8.0.17.jar;C:\Users\SuperMM\Desktop\jcalendar-1.4\lib\jcalendar.4.jar;C:\Users\hashe\Desktop\mysql-connector-j-8.0.33.jar;C:\Users\hashe\Desktop\OtobusBiletSatisSistemiProje-master\OtobusBiletSatisSistemiProje-master\build\empty -s C:\Users\hashe\Desktop\OtobusBiletSatisSistemiProje-master\OtobusBiletSatisSistemiProje-master\build\generated-sources\ap-source-output -source 17 C:\Users\hashe\Desktop\OtobusBiletSatisSistemiProje-master\OtobusBiletSatisSistemiProje-master\src\otobusbiletsatissistemi\OdemePage.java C:\Users\hashe\Desktop\OtobusBiletSatisSistemiProje-master\OtobusBiletSatisSistemiProje-master\src\otobusbiletsatissistemi\SeferDetaylari.java

Host: 11th Gen Intel(R) Core(TM) i7-11370H @ 3.30GHz, 8 cores, 15G,  Windows 11 , 64 bit Build 26100 (10.0.26100.7309)
Time: Wed Dec 24 07:39:38 2025 Turkey Standard Time elapsed time: 2.778148 seconds (0d 0h 0m 2s)

---------------  T H R E A D  ---------------

Current thread (0x000002335dd6edc0):  VMThread "VM Thread" [stack: 0x0000004193300000,0x0000004193400000] [id=16740]

Stack: [0x0000004193300000,0x0000004193400000]
Native frames: (J=compiled Java code, j=interpreted, Vv=VM code, C=native code)
V  [jvm.dll+0x67a0ea]
V  [jvm.dll+0x7da56d]
V  [jvm.dll+0x7dbeb3]
V  [jvm.dll+0x7dc523]
V  [jvm.dll+0x2453af]
V  [jvm.dll+0x677119]
V  [jvm.dll+0x66bda2]
V  [jvm.dll+0x3022a6]
V  [jvm.dll+0x309846]
V  [jvm.dll+0x35a25e]
V  [jvm.dll+0x35a48f]
V  [jvm.dll+0x2d9378]
V  [jvm.dll+0x2d77ad]
V  [jvm.dll+0x2d6dfc]
V  [jvm.dll+0x31a95b]
V  [jvm.dll+0x7e0e1b]
V  [jvm.dll+0x7e1b54]
V  [jvm.dll+0x7e206d]
V  [jvm.dll+0x7e2444]
V  [jvm.dll+0x7e2510]
V  [jvm.dll+0x78af4a]
V  [jvm.dll+0x678fd5]
C  [ucrtbase.dll+0x37b0]
C  [KERNEL32.DLL+0x2e8d7]
C  [ntdll.dll+0x8c53c]

VM_Operation (0x0000004192dfcd60): G1CollectForAllocation, mode: safepoint, requested by thread 0x000002333b295ab0


---------------  P R O C E S S  ---------------

Threads class SMR info:
_java_thread_list=0x00000233a36223a0, length=14, elements={
0x000002333b295ab0, 0x000002335dd72410, 0x000002335dd72ed0, 0x000002335dd9af20,
0x000002335dd9b7e0, 0x000002335dd9c0a0, 0x000002335dd9f6b0, 0x000002335ddab400,
0x000002335ddc5940, 0x000002335ddcde40, 0x00000233a31d28c0, 0x00000233a3230ac0,
0x00000233a3966020, 0x00000233a361a620
}

Java Threads: ( => current thread )
  0x000002333b295ab0 JavaThread "main" [_thread_blocked, id=28088, stack(0x0000004192d00000,0x0000004192e00000)]
  0x000002335dd72410 JavaThread "Reference Handler" daemon [_thread_blocked, id=11052, stack(0x0000004193400000,0x0000004193500000)]
  0x000002335dd72ed0 JavaThread "Finalizer" daemon [_thread_blocked, id=1444, stack(0x0000004193500000,0x0000004193600000)]
  0x000002335dd9af20 JavaThread "Signal Dispatcher" daemon [_thread_blocked, id=9752, stack(0x0000004193600000,0x0000004193700000)]
  0x000002335dd9b7e0 JavaThread "Attach Listener" daemon [_thread_blocked, id=3460, stack(0x0000004193700000,0x0000004193800000)]
  0x000002335dd9c0a0 JavaThread "Service Thread" daemon [_thread_blocked, id=26060, stack(0x0000004193800000,0x0000004193900000)]
  0x000002335dd9f6b0 JavaThread "Monitor Deflation Thread" daemon [_thread_blocked, id=6100, stack(0x0000004193900000,0x0000004193a00000)]
  0x000002335ddab400 JavaThread "C2 CompilerThread0" daemon [_thread_blocked, id=12820, stack(0x0000004193a00000,0x0000004193b00000)]
  0x000002335ddc5940 JavaThread "C1 CompilerThread0" daemon [_thread_blocked, id=8220, stack(0x0000004193b00000,0x0000004193c00000)]
  0x000002335ddcde40 JavaThread "Sweeper thread" daemon [_thread_blocked, id=20052, stack(0x0000004193c00000,0x0000004193d00000)]
  0x00000233a31d28c0 JavaThread "Common-Cleaner" daemon [_thread_blocked, id=6616, stack(0x0000004193d00000,0x0000004193e00000)]
  0x00000233a3230ac0 JavaThread "Notification Thread" daemon [_thread_blocked, id=22740, stack(0x0000004193e00000,0x0000004193f00000)]
  0x00000233a3966020 JavaThread "C2 CompilerThread1" daemon [_thread_blocked, id=28484, stack(0x0000004194400000,0x0000004194500000)]
  0x00000233a361a620 JavaThread "C2 CompilerThread2" daemon [_thread_blocked, id=8528, stack(0x0000004194600000,0x0000004194700000)]

Other Threads:
=>0x000002335dd6edc0 VMThread "VM Thread" [stack: 0x0000004193300000,0x0000004193400000] [id=16740]
  0x00000233a3230f90 WatcherThread [stack: 0x0000004193f00000,0x0000004194000000] [id=644]
  0x000002333b303ed0 GCTaskThread "GC Thread#0" [stack: 0x0000004192e00000,0x0000004192f00000] [id=23584]
  0x00000233a3390370 GCTaskThread "GC Thread#1" [stack: 0x0000004194000000,0x0000004194100000] [id=28540]
  0x00000233a33af750 GCTaskThread "GC Thread#2" [stack: 0x0000004194100000,0x0000004194200000] [id=28544]
  0x00000233a33afa10 GCTaskThread "GC Thread#3" [stack: 0x0000004194200000,0x0000004194300000] [id=15700]
  0x00000233a3565400 GCTaskThread "GC Thread#4" [stack: 0x0000004194300000,0x0000004194400000] [id=1916]
  0x00000233a3748570 GCTaskThread "GC Thread#5" [stack: 0x0000004194500000,0x0000004194600000] [id=4568]
  0x00000233a459cca0 GCTaskThread "GC Thread#6" [stack: 0x0000004194700000,0x0000004194800000] [id=15108]
  0x000002333b315600 ConcurrentGCThread "G1 Main Marker" [stack: 0x0000004192f00000,0x0000004193000000] [id=18968]
  0x000002333b316dd0 ConcurrentGCThread "G1 Conc#0" [stack: 0x0000004193000000,0x0000004193100000] [id=27924]
  0x000002335dc43550 ConcurrentGCThread "G1 Refine#0" [stack: 0x0000004193100000,0x0000004193200000] [id=13764]
  0x000002333b33cfe0 ConcurrentGCThread "G1 Service" [stack: 0x0000004193200000,0x0000004193300000] [id=1820]

Threads with active compile tasks:
C1 CompilerThread0     2789 1340       3       com.sun.tools.javac.code.Symtab::defineClass (21 bytes)

VM state: at safepoint (normal execution)

VM Mutex/Monitor currently owned by a thread:  ([mutex/lock_event])
[0x0000023338f4e200] Threads_lock - owner thread: 0x000002335dd6edc0
[0x000002333b293030] Heap_lock - owner thread: 0x000002333b295ab0

Heap address: 0x0000000704000000, size: 4032 MB, Compressed Oops mode: Zero based, Oop shift amount: 3

CDS archive(s) mapped at: [0x000002335e000000-0x000002335ebd0000-0x000002335ebd0000), size 12386304, SharedBaseAddress: 0x000002335e000000, ArchiveRelocationMode: 1.
Compressed class space mapped at: 0x000002335f000000-0x000002339f000000, reserved size: 1073741824
Narrow klass base: 0x000002335e000000, Narrow klass shift: 0, Narrow klass range: 0x100000000

GC Precious Log:
 CPUs: 8 total, 8 available
 Memory: 16122M
 Large Page Support: Disabled
 NUMA Support: Disabled
 Compressed Oops: Enabled (Zero based)
 Heap Region Size: 2M
 Heap Min Capacity: 8M
 Heap Initial Capacity: 8M
 Heap Max Capacity: 4032M
 Pre-touch: Disabled
 Parallel Workers: 8
 Concurrent Workers: 2
 Concurrent Refinement Workers: 8
 Periodic GC: Disabled

Heap:
 garbage-first heap   total 14336K, used 5764K [0x0000000704000000, 0x0000000800000000)
  region size 2048K, 1 young (2048K), 1 survivors (2048K)
 Metaspace       used 9027K, committed 9152K, reserved 1114112K
  class space    used 1034K, committed 1088K, reserved 1048576K

Heap Regions: E=young(eden), S=young(survivor), O=old, HS=humongous(starts), HC=humongous(continues), CS=collection set, F=free, OA=open archive, CA=closed archive, TAMS=top-at-mark-start (previous, next)
|   0|0x0000000704000000, 0x0000000704200000, 0x0000000704200000|100%| O|  |TAMS 0x0000000704000000, 0x0000000704000000| Untracked 
|   1|0x0000000704200000, 0x000000070428c600, 0x0000000704400000| 27%| O|  |TAMS 0x0000000704200000, 0x0000000704200000| Untracked 
|   2|0x0000000704400000, 0x0000000704400000, 0x0000000704600000|  0%| F|  |TAMS 0x0000000704400000, 0x0000000704400000| Untracked 
|   3|0x0000000704600000, 0x0000000704714a50, 0x0000000704800000| 54%| S|CS|TAMS 0x0000000704600000, 0x0000000704600000| Complete 
|   4|0x0000000704800000, 0x0000000704800000, 0x0000000704a00000|  0%| F|  |TAMS 0x0000000704800000, 0x0000000704800000| Untracked 
|   5|0x0000000704a00000, 0x0000000704a00000, 0x0000000704c00000|  0%| F|  |TAMS 0x0000000704a00000, 0x0000000704a00000| Untracked 
|2015|0x00000007ffe00000, 0x0000000800000000, 0x0000000800000000|100%| O|  |TAMS 0x00000007ffe00000, 0x00000007ffe00000| Untracked 

Card table byte_map: [0x00000233526c0000,0x0000023352ea0000] _byte_map_base: 0x000002334eea0000

Marking Bits (Prev, Next): (CMBitMap*) 0x000002333b304400, (CMBitMap*) 0x000002333b304440
 Prev Bits: [0x0000023353680000, 0x0000023357580000)
 Next Bits: [0x0000023357580000, 0x000002335b480000)

Polling page: 0x00000233391f0000

Metaspace:

Usage:
  Non-class:      7.81 MB used.
      Class:      1.01 MB used.
       Both:      8.82 MB used.

Virtual space:
  Non-class space:       64.00 MB reserved,       7.88 MB ( 12%) committed,  1 nodes.
      Class space:        1.00 GB reserved,       1.06 MB ( <1%) committed,  1 nodes.
             Both:        1.06 GB reserved,       8.94 MB ( <1%) committed. 

Chunk freelists:
   Non-Class:  6.06 MB
       Class:  14.89 MB
        Both:  20.95 MB

MaxMetaspaceSize: unlimited
CompressedClassSpaceSize: 1.00 GB
Initial GC threshold: 21.00 MB
Current GC threshold: 21.00 MB
CDS: on
MetaspaceReclaimPolicy: balanced
 - commit_granule_bytes: 65536.
 - commit_granule_words: 8192.
 - virtual_space_node_default_size: 8388608.
 - enlarge_chunks_in_place: 1.
 - new_chunks_are_fully_committed: 0.
 - uncommit_free_chunks: 1.
 - use_allocation_guard: 0.
 - handle_deallocations: 1.


Internal statistics:

num_allocs_failed_limit: 0.
num_arena_births: 68.
num_arena_deaths: 0.
num_vsnodes_births: 2.
num_vsnodes_deaths: 0.
num_space_committed: 143.
num_space_uncommitted: 0.
num_chunks_returned_to_freelist: 0.
num_chunks_taken_from_freelist: 370.
num_chunk_merges: 0.
num_chunk_splits: 252.
num_chunks_enlarged: 196.
num_inconsistent_stats: 0.

CodeHeap 'non-profiled nmethods': size=120000Kb used=501Kb max_used=501Kb free=119498Kb
 bounds [0x000002334a680000, 0x000002334a8f0000, 0x0000023351bb0000]
CodeHeap 'profiled nmethods': size=120000Kb used=2438Kb max_used=2438Kb free=117561Kb
 bounds [0x0000023342bb0000, 0x0000023342e20000, 0x000002334a0e0000]
CodeHeap 'non-nmethods': size=5760Kb used=1160Kb max_used=1199Kb free=4599Kb
 bounds [0x000002334a0e0000, 0x000002334a350000, 0x000002334a680000]
 total_blobs=1770 nmethods=1339 adapters=343
 compilation: enabled
              stopped_count=0, restarted_count=0
 full_count=0

Compilation events (20 events):
Event: 0.755 Thread 0x000002335ddc5940 1331       3       com.sun.tools.javac.file.RelativePath$RelativeFile::<init> (26 bytes)
Event: 0.756 Thread 0x000002335ddc5940 nmethod 1331 0x0000023342e0cb10 code [0x0000023342e0cda0, 0x0000023342e0d888]
Event: 0.756 Thread 0x000002335ddc5940 1332       3       com.sun.tools.javac.file.PathFileObject::forDirectoryPath (12 bytes)
Event: 0.757 Thread 0x000002335ddc5940 nmethod 1332 0x0000023342e0dd10 code [0x0000023342e0dee0, 0x0000023342e0e438]
Event: 0.757 Thread 0x000002335ddc5940 1333       3       com.sun.tools.javac.file.PathFileObject$DirectoryFileObject::<init> (24 bytes)
Event: 0.757 Thread 0x000002335ddc5940 nmethod 1333 0x0000023342e0e610 code [0x0000023342e0e7e0, 0x0000023342e0ec78]
Event: 0.757 Thread 0x000002335ddc5940 1334       3       jdk.internal.jrtfs.JrtFileSystem::getPath (102 bytes)
Event: 0.758 Thread 0x000002335ddc5940 nmethod 1334 0x0000023342e0ee10 code [0x0000023342e0f0c0, 0x0000023342e0ff38]
Event: 0.758 Thread 0x000002335ddc5940 1335       3       jdk.internal.jrtfs.JrtPath::resolve (6 bytes)
Event: 0.758 Thread 0x000002335ddc5940 nmethod 1335 0x0000023342e10490 code [0x0000023342e10640, 0x0000023342e108d8]
Event: 0.758 Thread 0x00000233a361a620 1337       4       java.lang.StringLatin1::indexOf (36 bytes)
Event: 0.758 Thread 0x000002335ddc5940 1336       3       jdk.internal.jrtfs.JrtPath::resolve (17 bytes)
Event: 0.758 Thread 0x000002335ddc5940 nmethod 1336 0x0000023342e10a10 code [0x0000023342e10bc0, 0x0000023342e10df8]
Event: 0.759 Thread 0x00000233a3966020 1338       4       java.util.ArrayList::add (25 bytes)
Event: 0.760 Thread 0x00000233a361a620 nmethod 1337 0x000002334a6fba10 code [0x000002334a6fbb80, 0x000002334a6fbd38]
Event: 0.761 Thread 0x000002335ddab400 nmethod 1294 0x000002334a6fbe10 code [0x000002334a6fbfc0, 0x000002334a6fcaf8]
Event: 0.762 Thread 0x00000233a3966020 nmethod 1338 0x000002334a6fcf90 code [0x000002334a6fd120, 0x000002334a6fd348]
Event: 0.764 Thread 0x000002335ddc5940 1339       3       com.sun.tools.javac.code.Type$ClassType::<init> (38 bytes)
Event: 0.765 Thread 0x000002335ddc5940 nmethod 1339 0x0000023342e10f10 code [0x0000023342e11100, 0x0000023342e11748]
Event: 0.765 Thread 0x000002335ddc5940 1340       3       com.sun.tools.javac.code.Symtab::defineClass (21 bytes)

GC Heap History (17 events):
Event: 0.148 GC heap before
{Heap before GC invocations=0 (full 0):
 garbage-first heap   total 8192K, used 2048K [0x0000000704000000, 0x0000000800000000)
  region size 2048K, 1 young (2048K), 0 survivors (0K)
 Metaspace       used 1587K, committed 1728K, reserved 1114112K
  class space    used 187K, committed 256K, reserved 1048576K
}
Event: 0.151 GC heap after
{Heap after GC invocations=1 (full 0):
 garbage-first heap   total 8192K, used 1152K [0x0000000704000000, 0x0000000800000000)
  region size 2048K, 1 young (2048K), 1 survivors (2048K)
 Metaspace       used 1587K, committed 1728K, reserved 1114112K
  class space    used 187K, committed 256K, reserved 1048576K
}
Event: 0.300 GC heap before
{Heap before GC invocations=1 (full 0):
 garbage-first heap   total 8192K, used 1152K [0x0000000704000000, 0x0000000800000000)
  region size 2048K, 2 young (4096K), 1 survivors (2048K)
 Metaspace       used 5604K, committed 5824K, reserved 1114112K
  class space    used 674K, committed 768K, reserved 1048576K
}
Event: 0.303 GC heap after
{Heap after GC invocations=2 (full 0):
 garbage-first heap   total 8192K, used 1845K [0x0000000704000000, 0x0000000800000000)
  region size 2048K, 1 young (2048K), 1 survivors (2048K)
 Metaspace       used 5604K, committed 5824K, reserved 1114112K
  class space    used 674K, committed 768K, reserved 1048576K
}
Event: 0.404 GC heap before
{Heap before GC invocations=2 (full 0):
 garbage-first heap   total 8192K, used 1845K [0x0000000704000000, 0x0000000800000000)
  region size 2048K, 2 young (4096K), 1 survivors (2048K)
 Metaspace       used 7591K, committed 7744K, reserved 1114112K
  class space    used 870K, committed 960K, reserved 1048576K
}
Event: 0.409 GC heap after
{Heap after GC invocations=3 (full 0):
 garbage-first heap   total 8192K, used 2814K [0x0000000704000000, 0x0000000800000000)
  region size 2048K, 1 young (2048K), 1 survivors (2048K)
 Metaspace       used 7591K, committed 7744K, reserved 1114112K
  class space    used 870K, committed 960K, reserved 1048576K
}
Event: 0.465 GC heap before
{Heap before GC invocations=3 (full 0):
 garbage-first heap   total 8192K, used 2814K [0x0000000704000000, 0x0000000800000000)
  region size 2048K, 2 young (4096K), 1 survivors (2048K)
 Metaspace       used 7834K, committed 8000K, reserved 1114112K
  class space    used 897K, committed 1024K, reserved 1048576K
}
Event: 0.468 GC heap after
{Heap after GC invocations=4 (full 0):
 garbage-first heap   total 8192K, used 3036K [0x0000000704000000, 0x0000000800000000)
  region size 2048K, 1 young (2048K), 1 survivors (2048K)
 Metaspace       used 7834K, committed 8000K, reserved 1114112K
  class space    used 897K, committed 1024K, reserved 1048576K
}
Event: 0.551 GC heap before
{Heap before GC invocations=4 (full 0):
 garbage-first heap   total 8192K, used 3036K [0x0000000704000000, 0x0000000800000000)
  region size 2048K, 2 young (4096K), 1 survivors (2048K)
 Metaspace       used 8384K, committed 8576K, reserved 1114112K
  class space    used 960K, committed 1024K, reserved 1048576K
}
Event: 0.556 GC heap after
{Heap after GC invocations=5 (full 0):
 garbage-first heap   total 14336K, used 4098K [0x0000000704000000, 0x0000000800000000)
  region size 2048K, 1 young (2048K), 1 survivors (2048K)
 Metaspace       used 8384K, committed 8576K, reserved 1114112K
  class space    used 960K, committed 1024K, reserved 1048576K
}
Event: 0.652 GC heap before
{Heap before GC invocations=5 (full 0):
 garbage-first heap   total 14336K, used 6146K [0x0000000704000000, 0x0000000800000000)
  region size 2048K, 2 young (4096K), 1 survivors (2048K)
 Metaspace       used 8759K, committed 8896K, reserved 1114112K
  class space    used 1013K, committed 1088K, reserved 1048576K
}
Event: 0.656 GC heap after
{Heap after GC invocations=6 (full 0):
 garbage-first heap   total 14336K, used 4732K [0x0000000704000000, 0x0000000800000000)
  region size 2048K, 1 young (2048K), 1 survivors (2048K)
 Metaspace       used 8759K, committed 8896K, reserved 1114112K
  class space    used 1013K, committed 1088K, reserved 1048576K
}
Event: 0.685 GC heap before
{Heap before GC invocations=6 (full 0):
 garbage-first heap   total 14336K, used 6780K [0x0000000704000000, 0x0000000800000000)
  region size 2048K, 2 young (4096K), 1 survivors (2048K)
 Metaspace       used 8800K, committed 8960K, reserved 1114112K
  class space    used 1013K, committed 1088K, reserved 1048576K
}
Event: 0.689 GC heap after
{Heap after GC invocations=7 (full 0):
 garbage-first heap   total 14336K, used 5040K [0x0000000704000000, 0x0000000800000000)
  region size 2048K, 1 young (2048K), 1 survivors (2048K)
 Metaspace       used 8800K, committed 8960K, reserved 1114112K
  class space    used 1013K, committed 1088K, reserved 1048576K
}
Event: 0.737 GC heap before
{Heap before GC invocations=7 (full 0):
 garbage-first heap   total 14336K, used 7088K [0x0000000704000000, 0x0000000800000000)
  region size 2048K, 2 young (4096K), 1 survivors (2048K)
 Metaspace       used 9010K, committed 9152K, reserved 1114112K
  class space    used 1034K, committed 1088K, reserved 1048576K
}
Event: 0.741 GC heap after
{Heap after GC invocations=8 (full 0):
 garbage-first heap   total 14336K, used 5433K [0x0000000704000000, 0x0000000800000000)
  region size 2048K, 1 young (2048K), 1 survivors (2048K)
 Metaspace       used 9010K, committed 9152K, reserved 1114112K
  class space    used 1034K, committed 1088K, reserved 1048576K
}
Event: 0.765 GC heap before
{Heap before GC invocations=8 (full 0):
 garbage-first heap   total 14336K, used 7481K [0x0000000704000000, 0x0000000800000000)
  region size 2048K, 2 young (4096K), 1 survivors (2048K)
 Metaspace       used 9027K, committed 9152K, reserved 1114112K
  class space    used 1034K, committed 1088K, reserved 1048576K
}

Deoptimization events (20 events):
Event: 0.633 Thread 0x000002333b295ab0 DEOPT PACKING pc=0x000002334a6c1be8 sp=0x0000004192dfe1b0
Event: 0.633 Thread 0x000002333b295ab0 DEOPT UNPACKING pc=0x000002334a135ba3 sp=0x0000004192dfe0c0 mode 2
Event: 0.633 Thread 0x000002333b295ab0 Uncommon trap: trap_request=0xffffff45 fr.pc=0x000002334a6b20fc relative=0x000000000000017c
Event: 0.633 Thread 0x000002333b295ab0 Uncommon trap: reason=unstable_if action=reinterpret pc=0x000002334a6b20fc method=java.lang.StringLatin1.canEncode(I)Z @ 4 c2
Event: 0.633 Thread 0x000002333b295ab0 DEOPT PACKING pc=0x000002334a6b20fc sp=0x0000004192dfe110
Event: 0.633 Thread 0x000002333b295ab0 DEOPT UNPACKING pc=0x000002334a135ba3 sp=0x0000004192dfe058 mode 2
Event: 0.651 Thread 0x000002333b295ab0 Uncommon trap: trap_request=0xffffffde fr.pc=0x000002334a6bd784 relative=0x0000000000000444
Event: 0.651 Thread 0x000002333b295ab0 Uncommon trap: reason=class_check action=maybe_recompile pc=0x000002334a6bd784 method=java.util.HashMap.getNode(Ljava/lang/Object;)Ljava/util/HashMap$Node; @ 128 c2
Event: 0.651 Thread 0x000002333b295ab0 DEOPT PACKING pc=0x000002334a6bd784 sp=0x0000004192dfe2a0
Event: 0.651 Thread 0x000002333b295ab0 DEOPT UNPACKING pc=0x000002334a135ba3 sp=0x0000004192dfe1b8 mode 2
Event: 0.705 Thread 0x000002333b295ab0 DEOPT PACKING pc=0x0000023342d0d5ba sp=0x0000004192dfd9e0
Event: 0.705 Thread 0x000002333b295ab0 DEOPT UNPACKING pc=0x000002334a1366e3 sp=0x0000004192dfce78 mode 0
Event: 0.719 Thread 0x000002333b295ab0 Uncommon trap: trap_request=0xffffff6e fr.pc=0x000002334a6f2d3c relative=0x000000000000031c
Event: 0.719 Thread 0x000002333b295ab0 Uncommon trap: reason=loop_limit_check action=maybe_recompile pc=0x000002334a6f2d3c method=java.lang.StringLatin1.indexOf([BI[BII)I @ 37 c2
Event: 0.719 Thread 0x000002333b295ab0 DEOPT PACKING pc=0x000002334a6f2d3c sp=0x0000004192dfdb90
Event: 0.719 Thread 0x000002333b295ab0 DEOPT UNPACKING pc=0x000002334a135ba3 sp=0x0000004192dfdaf0 mode 2
Event: 0.719 Thread 0x000002333b295ab0 Uncommon trap: trap_request=0xffffff45 fr.pc=0x000002334a6f0404 relative=0x00000000000007c4
Event: 0.719 Thread 0x000002333b295ab0 Uncommon trap: reason=unstable_if action=reinterpret pc=0x000002334a6f0404 method=jdk.internal.jimage.ImageStringsReader.stringFromByteBuffer(Ljava/nio/ByteBuffer;I)Ljava/lang/String; @ 7 c2
Event: 0.719 Thread 0x000002333b295ab0 DEOPT PACKING pc=0x000002334a6f0404 sp=0x0000004192dfd960
Event: 0.719 Thread 0x000002333b295ab0 DEOPT UNPACKING pc=0x000002334a135ba3 sp=0x0000004192dfd908 mode 2

Classes unloaded (0 events):
No events

Classes redefined (0 events):
No events

Internal exceptions (20 events):
Event: 0.491 Thread 0x000002333b295ab0 Exception <a 'java/lang/NoSuchMethodError'{0x00000007046757e0}: 'java.lang.Object java.lang.invoke.DirectMethodHandle$Holder.invokeVirtual(java.lang.Object, java.lang.Object, java.lang.Object, int, int)'> (0x00000007046757e0) 
thrown [s\open\src\hotspot\share\interpreter\linkResolver.cpp, line 759]
Event: 0.492 Thread 0x000002333b295ab0 Exception <a 'java/lang/NoSuchMethodError'{0x000000070467c670}: 'java.lang.Object java.lang.invoke.DirectMethodHandle$Holder.invokeVirtual(java.lang.Object, java.lang.Object, int)'> (0x000000070467c670) 
thrown [s\open\src\hotspot\share\interpreter\linkResolver.cpp, line 759]
Event: 0.497 Thread 0x000002333b295ab0 Exception <a 'java/lang/NoSuchMethodError'{0x0000000704694c50}: 'java.lang.Object java.lang.invoke.DirectMethodHandle$Holder.invokeSpecial(java.lang.Object, java.lang.Object, java.lang.Object, int, int)'> (0x0000000704694c50) 
thrown [s\open\src\hotspot\share\interpreter\linkResolver.cpp, line 759]
Event: 0.592 Thread 0x000002333b295ab0 Exception <a 'java/lang/NoSuchMethodError'{0x0000000704b16e00}: 'void java.lang.invoke.DirectMethodHandle$Holder.invokeStatic(java.lang.Object, java.lang.Object)'> (0x0000000704b16e00) 
thrown [s\open\src\hotspot\share\interpreter\linkResolver.cpp, line 759]
Event: 0.594 Thread 0x000002333b295ab0 Exception <a 'sun/nio/fs/WindowsException'{0x0000000704b20f20}> (0x0000000704b20f20) 
thrown [s\open\src\hotspot\share\prims\jni.cpp, line 516]
Event: 0.640 Thread 0x000002333b295ab0 Exception <a 'sun/nio/fs/WindowsException'{0x0000000704bcda68}> (0x0000000704bcda68) 
thrown [s\open\src\hotspot\share\prims\jni.cpp, line 516]
Event: 0.640 Thread 0x000002333b295ab0 Exception <a 'sun/nio/fs/WindowsException'{0x0000000704bcdea8}> (0x0000000704bcdea8) 
thrown [s\open\src\hotspot\share\prims\jni.cpp, line 516]
Event: 0.646 Thread 0x000002333b295ab0 Exception <a 'sun/nio/fs/WindowsException'{0x0000000704be38f8}> (0x0000000704be38f8) 
thrown [s\open\src\hotspot\share\prims\jni.cpp, line 516]
Event: 0.649 Thread 0x000002333b295ab0 Exception <a 'sun/nio/fs/WindowsException'{0x0000000704be8af8}> (0x0000000704be8af8) 
thrown [s\open\src\hotspot\share\prims\jni.cpp, line 516]
Event: 0.649 Thread 0x000002333b295ab0 Exception <a 'sun/nio/fs/WindowsException'{0x0000000704be8ee8}> (0x0000000704be8ee8) 
thrown [s\open\src\hotspot\share\prims\jni.cpp, line 516]
Event: 0.699 Thread 0x000002333b295ab0 Exception <a 'java/lang/NoSuchMethodError'{0x0000000704a6c970}: 'int java.lang.invoke.DirectMethodHandle$Holder.invokeSpecial(java.lang.Object, java.lang.Object, java.lang.Object)'> (0x0000000704a6c970) 
thrown [s\open\src\hotspot\share\interpreter\linkResolver.cpp, line 759]
Event: 0.702 Thread 0x000002333b295ab0 Exception <a 'sun/nio/fs/WindowsException'{0x0000000704a771d8}> (0x0000000704a771d8) 
thrown [s\open\src\hotspot\share\prims\jni.cpp, line 516]
Event: 0.702 Thread 0x000002333b295ab0 Exception <a 'sun/nio/fs/WindowsException'{0x0000000704a775b8}> (0x0000000704a775b8) 
thrown [s\open\src\hotspot\share\prims\jni.cpp, line 516]
Event: 0.702 Thread 0x000002333b295ab0 Exception <a 'sun/nio/fs/WindowsException'{0x0000000704a786e0}> (0x0000000704a786e0) 
thrown [s\open\src\hotspot\share\prims\jni.cpp, line 516]
Event: 0.702 Thread 0x000002333b295ab0 Exception <a 'sun/nio/fs/WindowsException'{0x0000000704a78ab0}> (0x0000000704a78ab0) 
thrown [s\open\src\hotspot\share\prims\jni.cpp, line 516]
Event: 0.710 Thread 0x000002333b295ab0 Exception <a 'java/lang/NoSuchMethodError'{0x0000000704addfd8}: 'java.lang.Object java.lang.invoke.DirectMethodHandle$Holder.invokeStatic(java.lang.Object, java.lang.Object, int, int)'> (0x0000000704addfd8) 
thrown [s\open\src\hotspot\share\interpreter\linkResolver.cpp, line 759]
Event: 0.734 Thread 0x000002333b295ab0 Exception <a 'sun/nio/fs/WindowsException'{0x0000000704b3eca8}> (0x0000000704b3eca8) 
thrown [s\open\src\hotspot\share\prims\jni.cpp, line 516]
Event: 0.734 Thread 0x000002333b295ab0 Exception <a 'sun/nio/fs/WindowsException'{0x0000000704b3f088}> (0x0000000704b3f088) 
thrown [s\open\src\hotspot\share\prims\jni.cpp, line 516]
Event: 0.735 Thread 0x000002333b295ab0 Exception <a 'sun/nio/fs/WindowsException'{0x0000000704b401b0}> (0x0000000704b401b0) 
thrown [s\open\src\hotspot\share\prims\jni.cpp, line 516]
Event: 0.735 Thread 0x000002333b295ab0 Exception <a 'sun/nio/fs/WindowsException'{0x0000000704b40588}> (0x0000000704b40588) 
thrown [s\open\src\hotspot\share\prims\jni.cpp, line 516]

VM Operations (20 events):
Event: 0.180 Executing VM operation: HandshakeAllThreads done
Event: 0.300 Executing VM operation: G1CollectForAllocation
Event: 0.303 Executing VM operation: G1CollectForAllocation done
Event: 0.404 Executing VM operation: G1CollectForAllocation
Event: 0.409 Executing VM operation: G1CollectForAllocation done
Event: 0.454 Executing VM operation: HandshakeAllThreads
Event: 0.454 Executing VM operation: HandshakeAllThreads done
Event: 0.465 Executing VM operation: G1CollectForAllocation
Event: 0.468 Executing VM operation: G1CollectForAllocation done
Event: 0.551 Executing VM operation: G1CollectForAllocation
Event: 0.556 Executing VM operation: G1CollectForAllocation done
Event: 0.652 Executing VM operation: G1CollectForAllocation
Event: 0.656 Executing VM operation: G1CollectForAllocation done
Event: 0.685 Executing VM operation: G1CollectForAllocation
Event: 0.689 Executing VM operation: G1CollectForAllocation done
Event: 0.720 Executing VM operation: HandshakeAllThreads
Event: 0.720 Executing VM operation: HandshakeAllThreads done
Event: 0.737 Executing VM operation: G1CollectForAllocation
Event: 0.741 Executing VM operation: G1CollectForAllocation done
Event: 0.765 Executing VM operation: G1CollectForAllocation

Events (20 events):
Event: 0.599 loading class java/util/stream/Node$OfInt done
Event: 0.599 loading class java/util/stream/Nodes$EmptyNode$OfInt done
Event: 0.599 loading class java/util/stream/Nodes$EmptyNode$OfLong
Event: 0.599 loading class java/util/stream/Node$OfLong
Event: 0.600 loading class java/util/stream/Node$OfLong done
Event: 0.600 loading class java/util/stream/Nodes$EmptyNode$OfLong done
Event: 0.600 loading class java/util/stream/Nodes$EmptyNode$OfDouble
Event: 0.600 loading class java/util/stream/Node$OfDouble
Event: 0.600 loading class java/util/stream/Node$OfDouble done
Event: 0.600 loading class java/util/stream/Nodes$EmptyNode$OfDouble done
Event: 0.600 loading class java/util/stream/Nodes$SpinedNodeBuilder
Event: 0.600 loading class java/util/stream/Node$Builder
Event: 0.600 loading class java/util/stream/Node$Builder done
Event: 0.600 loading class java/util/stream/Nodes$SpinedNodeBuilder done
Event: 0.601 loading class sun/nio/fs/WindowsPath$WindowsPathWithAttributes
Event: 0.601 loading class sun/nio/fs/BasicFileAttributesHolder
Event: 0.601 loading class sun/nio/fs/BasicFileAttributesHolder done
Event: 0.601 loading class sun/nio/fs/WindowsPath$WindowsPathWithAttributes done
Event: 0.720 loading class jdk/internal/jimage/ImageReader$LinkNode
Event: 0.720 loading class jdk/internal/jimage/ImageReader$LinkNode done


Dynamic libraries:
0x00007ff696fa0000 - 0x00007ff696fa8000 	C:\Program Files\Java\jdk-17\bin\javac.exe
0x00007ff8e2200000 - 0x00007ff8e2467000 	C:\WINDOWS\SYSTEM32\ntdll.dll
0x00007ff8e0b00000 - 0x00007ff8e0bc9000 	C:\WINDOWS\System32\KERNEL32.DLL
0x00007ff8df820000 - 0x00007ff8dfc0f000 	C:\WINDOWS\System32\KERNELBASE.dll
0x00007ff8dfe50000 - 0x00007ff8dff9b000 	C:\WINDOWS\System32\ucrtbase.dll
0x00007ff8bd860000 - 0x00007ff8bd87b000 	C:\Program Files\Java\jdk-17\bin\VCRUNTIME140.dll
0x00007ff8bbc40000 - 0x00007ff8bbc59000 	C:\Program Files\Java\jdk-17\bin\jli.dll
0x00007ff8e0db0000 - 0x00007ff8e0e64000 	C:\WINDOWS\System32\ADVAPI32.dll
0x00007ff8e0530000 - 0x00007ff8e05d9000 	C:\WINDOWS\System32\msvcrt.dll
0x00007ff8e20e0000 - 0x00007ff8e2186000 	C:\WINDOWS\System32\sechost.dll
0x00007ff8e0ff0000 - 0x00007ff8e1108000 	C:\WINDOWS\System32\RPCRT4.dll
0x00007ff8e0be0000 - 0x00007ff8e0da5000 	C:\WINDOWS\System32\USER32.dll
0x00007ff8df400000 - 0x00007ff8df427000 	C:\WINDOWS\System32\win32u.dll
0x00007ff8c0140000 - 0x00007ff8c03d3000 	C:\WINDOWS\WinSxS\amd64_microsoft.windows.common-controls_6595b64144ccf1df_6.0.26100.7309_none_3e05feeae336a044\COMCTL32.dll
0x00007ff8e0740000 - 0x00007ff8e076b000 	C:\WINDOWS\System32\GDI32.dll
0x00007ff8df4e0000 - 0x00007ff8df60c000 	C:\WINDOWS\System32\gdi32full.dll
0x00007ff8df350000 - 0x00007ff8df3f3000 	C:\WINDOWS\System32\msvcp_win.dll
0x00007ff8d42b0000 - 0x00007ff8d42bb000 	C:\WINDOWS\SYSTEM32\VERSION.dll
0x00007ff8e0140000 - 0x00007ff8e0171000 	C:\WINDOWS\System32\IMM32.DLL
0x00007ff8d7a60000 - 0x00007ff8d7a6c000 	C:\Program Files\Java\jdk-17\bin\vcruntime140_1.dll
0x00007ff8a1a30000 - 0x00007ff8a1abe000 	C:\Program Files\Java\jdk-17\bin\msvcp140.dll
0x00007ff813300000 - 0x00007ff813ee0000 	C:\Program Files\Java\jdk-17\bin\server\jvm.dll
0x00007ff8e1f60000 - 0x00007ff8e1f68000 	C:\WINDOWS\System32\PSAPI.DLL
0x00007ff8d7490000 - 0x00007ff8d74c5000 	C:\WINDOWS\SYSTEM32\WINMM.dll
0x00007ff8cd4f0000 - 0x00007ff8cd4fa000 	C:\WINDOWS\SYSTEM32\WSOCK32.dll
0x00007ff8e0f70000 - 0x00007ff8e0fe4000 	C:\WINDOWS\System32\WS2_32.dll
0x00007ff8de100000 - 0x00007ff8de11b000 	C:\WINDOWS\SYSTEM32\kernel.appcore.dll
0x00007ff8c5620000 - 0x00007ff8c562a000 	C:\Program Files\Java\jdk-17\bin\jimage.dll
0x00007ff8dc8b0000 - 0x00007ff8dcaf2000 	C:\WINDOWS\SYSTEM32\DBGHELP.DLL
0x00007ff8e0770000 - 0x00007ff8e0af5000 	C:\WINDOWS\System32\combase.dll
0x00007ff8e0450000 - 0x00007ff8e0526000 	C:\WINDOWS\System32\OLEAUT32.dll
0x00007ff8d7450000 - 0x00007ff8d748c000 	C:\WINDOWS\SYSTEM32\dbgcore.DLL
0x00007ff8df430000 - 0x00007ff8df4d5000 	C:\WINDOWS\System32\bcryptPrimitives.dll
0x00007ff8bbbd0000 - 0x00007ff8bbbf5000 	C:\Program Files\Java\jdk-17\bin\java.dll
0x00007ff8b1180000 - 0x00007ff8b1257000 	C:\Program Files\Java\jdk-17\bin\jsvml.dll
0x00007ff8e1210000 - 0x00007ff8e1963000 	C:\WINDOWS\System32\SHELL32.dll
0x00007ff8dfc20000 - 0x00007ff8dfd8a000 	C:\WINDOWS\System32\wintypes.dll
0x00007ff8dcf70000 - 0x00007ff8dd7ce000 	C:\WINDOWS\SYSTEM32\windows.storage.dll
0x00007ff8e1110000 - 0x00007ff8e1205000 	C:\WINDOWS\System32\SHCORE.dll
0x00007ff8e0e70000 - 0x00007ff8e0ed6000 	C:\WINDOWS\System32\shlwapi.dll
0x00007ff8df270000 - 0x00007ff8df299000 	C:\WINDOWS\SYSTEM32\profapi.dll
0x00007ff8b14c0000 - 0x00007ff8b14d9000 	C:\Program Files\Java\jdk-17\bin\net.dll
0x00007ff8ce2f0000 - 0x00007ff8ce418000 	C:\WINDOWS\SYSTEM32\WINHTTP.dll
0x00007ff8de670000 - 0x00007ff8de6db000 	C:\WINDOWS\system32\mswsock.dll
0x00007ff8b1460000 - 0x00007ff8b1476000 	C:\Program Files\Java\jdk-17\bin\nio.dll
0x00007ff8b1440000 - 0x00007ff8b1458000 	C:\Program Files\Java\jdk-17\bin\zip.dll

dbghelp: loaded successfully - version: 4.0.5 - missing functions: none
symbol engine: initialized successfully - sym options: 0x614 - pdb path: .;C:\Program Files\Java\jdk-17\bin;C:\WINDOWS\SYSTEM32;C:\WINDOWS\WinSxS\amd64_microsoft.windows.common-controls_6595b64144ccf1df_6.0.26100.7309_none_3e05feeae336a044;C:\Program Files\Java\jdk-17\bin\server

VM Arguments:
jvm_args: -Dapplication.home=C:\Program Files\Java\jdk-17 --add-modules=ALL-DEFAULT -Xms8m -Djdk.module.main=jdk.compiler 
java_command: jdk.compiler/com.sun.tools.javac.Main -d C:\Users\hashe\Desktop\OtobusBiletSatisSistemiProje-master\OtobusBiletSatisSistemiProje-master\build\classes -classpath C:\Users\hashe\Desktop\OtobusBiletSatisSistemiProje-master\OtobusBiletSatisSistemiProje-master\build\classes;C:\Users\hashe\Desktop\mysql-connector-j-8.0.33.jar -sourcepath C:\Users\hashe\Desktop\OtobusBiletSatisSistemiProje-master\OtobusBiletSatisSistemiProje-master\build\empty -target 17 -encoding UTF-8 -g -processorpath C:\Users\SuperMM\Desktop\mysql-connector-java-8.0.17\mysql-connector-java-8.0.17.jar;C:\Users\SuperMM\Desktop\jcalendar-1.4\lib\jcalendar.4.jar;C:\Users\hashe\Desktop\mysql-connector-j-8.0.33.jar;C:\Users\hashe\Desktop\OtobusBiletSatisSistemiProje-master\OtobusBiletSatisSistemiProje-master\build\empty -s C:\Users\hashe\Desktop\OtobusBiletSatisSistemiProje-master\OtobusBiletSatisSistemiProje-master\build\generated-sources\ap-source-output -source 17 C:\Users\hashe\Desktop\OtobusBiletSatisSistemiProje-master\OtobusBiletSatisSistemiProje-master\src\otobusbiletsatissistemi\OdemePage.java C:\Users\hashe\Desktop\OtobusBiletSatisSistemiProje-master\OtobusBiletSatisSistemiProje-master\src\otobusbiletsatissistemi\SeferDetaylari.java
java_class_path (initial): <not set>
Launcher Type: SUN_STANDARD

[Global flags]
     intx CICompilerCount                          = 4                                         {product} {ergonomic}
     uint ConcGCThreads                            = 2                                         {product} {ergonomic}
     uint G1ConcRefinementThreads                  = 8                                         {product} {ergonomic}
   size_t G1HeapRegionSize                         = 2097152                                   {product} {ergonomic}
    uintx GCDrainStackTargetSize                   = 64                                        {product} {ergonomic}
   size_t InitialHeapSize                          = 8388608                                   {product} {command line}
   size_t MarkStackSize                            = 4194304                                   {product} {ergonomic}
   size_t MaxHeapSize                              = 4227858432                                {product} {ergonomic}
   size_t MaxNewSize                               = 2535456768                                {product} {ergonomic}
   size_t MinHeapDeltaBytes                        = 2097152                                   {product} {ergonomic}
   size_t MinHeapSize                              = 8388608                                   {product} {command line}
    uintx NonNMethodCodeHeapSize                   = 5839372                                {pd product} {ergonomic}
    uintx NonProfiledCodeHeapSize                  = 122909434                              {pd product} {ergonomic}
    uintx ProfiledCodeHeapSize                     = 122909434                              {pd product} {ergonomic}
    uintx ReservedCodeCacheSize                    = 251658240                              {pd product} {ergonomic}
     bool SegmentedCodeCache                       = true                                      {product} {ergonomic}
   size_t SoftMaxHeapSize                          = 4227858432                             {manageable} {ergonomic}
     bool UseCompressedClassPointers               = true                           {product lp64_product} {ergonomic}
     bool UseCompressedOops                        = true                           {product lp64_product} {ergonomic}
     bool UseG1GC                                  = true                                      {product} {ergonomic}
     bool UseLargePagesIndividualAllocation        = false                                  {pd product} {ergonomic}

Logging:
Log output configuration:
 #0: stdout all=warning uptime,level,tags
 #1: stderr all=off uptime,level,tags

Environment Variables:
PATH=C:\Program Files\Common Files\Oracle\Java\javapath;C:\Program Files\NVIDIA GPU Computing Toolkit\CUDA\v12.6\bin;C:\Program Files\NVIDIA GPU Computing Toolkit\CUDA\v12.6\libnvvp;C:\Program Files\Microsoft MPI\Bin\;C:\Program Files (x86)\Common Files\Intel\Shared Libraries\redist\intel64\compiler;C:\Windows\system32;C:\Windows;C:\Windows\System32\Wbem;C:\Windows\System32\WindowsPowerShell\v1.0\;C:\Windows\System32\OpenSSH\;C:\Program Files\dotnet\;C:\WINDOWS\system32;C:\WINDOWS;C:\WINDOWS\System32\Wbem;C:\WINDOWS\System32\WindowsPowerShell\v1.0\;C:\WINDOWS\System32\OpenSSH\;C:\Users\hashe\Desktop\mingw32;C:\Program Files\Git\cmd;C:\Program Files\NVIDIA Corporation\NVIDIA app\NvDLISR;C:\Program Files (x86)\NVIDIA Corporation\PhysX\Common;C:\Program Files\NVIDIA Corporation\Nsight Compute 2024.3.2\;C:\Program Files\MySQL\MySQL Server 8.0\bin;C:\Program Files\cursor\resources\app\bin;C:\Program Files\MySQL\MySQL Shell 8.0\bin\;C:\Users\hashe\AppData\Local\Programs\Microsoft VS Code\bin;C:\Users\hashe\AppData\Local\GitHubDesktop\bin;C:\Users\hashe\Desktop\openJdk-25\bin;
USERNAME=hashe
OS=Windows_NT
PROCESSOR_IDENTIFIER=Intel64 Family 6 Model 140 Stepping 1, GenuineIntel



---------------  S Y S T E M  ---------------

OS:
 Windows 11 , 64 bit Build 26100 (10.0.26100.7309)
OS uptime: 1 days 3:06 hours

CPU: total 8 (initial active 8) (4 cores per cpu, 2 threads per core) family 6 model 140 stepping 1 microcode 0xa4, cx8, cmov, fxsr, ht, mmx, 3dnowpref, sse, sse2, sse3, ssse3, sse4.1, sse4.2, popcnt, lzcnt, tsc, tscinvbit, avx, avx2, aes, erms, clmul, bmi1, bmi2, adx, avx512f, avx512dq, avx512cd, avx512bw, avx512vl, sha, fma, vzeroupper, avx512_vpopcntdq, avx512_vpclmulqdq, avx512_vaes, avx512_vnni, clflush, clflushopt, clwb, avx512_vbmi2, avx512_vbmi

Memory: 4k page, system-wide physical 16122M (1791M free)
TotalPageFile size 48890M (AvailPageFile size 14M)
current process WorkingSet (physical memory assigned to process): 88M, peak: 88M
current process commit charge ("private bytes"): 120M, peak: 132M

vm_info: Java HotSpot(TM) 64-Bit Server VM (17.0.17+8-LTS-360) for windows-amd64 JRE (17.0.17+8-LTS-360), built on Sep 27 2025 05:17:01 by "mach5run" with MS VC++ 17.6 (VS2022)

END.
