#
# There is insufficient memory for the Java Runtime Environment to continue.
# Native memory allocation (mmap) failed to map 29360128 bytes for G1 virtual space
# Possible reasons:
#   The system is out of physical RAM or swap space
#   The process is running with CompressedOops enabled, and the Java Heap may be blocking the growth of the native heap
# Possible solutions:
#   Reduce memory load on the system
#   Increase physical memory or swap space
#   Check if swap backing store is full
#   Decrease Java heap size (-Xmx/-Xms)
#   Decrease number of Java threads
#   Decrease Java thread stack sizes (-Xss)
#   Set larger code cache with -XX:ReservedCodeCacheSize=
#   JVM is running with Zero Based Compressed Oops mode in which the Java heap is
#     placed in the first 32GB address space. The Java Heap base address is the
#     maximum limit for the native heap growth. Please use -XX:HeapBaseMinAddress
#     to set the Java Heap base and to place the Java Heap above 32GB virtual address.
# This output file may be truncated or incomplete.
#
#  Out of Memory Error (os_windows.cpp:3551), pid=3408, tid=13188
#
# JRE version: Java(TM) SE Runtime Environment (17.0.17+8) (build 17.0.17+8-LTS-360)
# Java VM: Java HotSpot(TM) 64-Bit Server VM (17.0.17+8-LTS-360, mixed mode, sharing, tiered, compressed oops, compressed class ptrs, g1 gc, windows-amd64)
# No core dump will be written. Minidumps are not enabled by default on client versions of Windows
#

---------------  S U M M A R Y ------------

Command Line: -Dapplication.home=C:\Program Files\Java\jdk-17 --add-modules=ALL-DEFAULT -Xms8m -Djdk.module.main=jdk.compiler jdk.compiler/com.sun.tools.javac.Main -d C:\Users\hashe\Desktop\OtobusBiletSatisSistemiProje-master\OtobusBiletSatisSistemiProje-master\build\classes -classpath C:\Users\hashe\Desktop\OtobusBiletSatisSistemiProje-master\OtobusBiletSatisSistemiProje-master\build\classes;C:\Users\hashe\Desktop\mysql-connector-j-8.0.33.jar -sourcepath C:\Users\hashe\Desktop\OtobusBiletSatisSistemiProje-master\OtobusBiletSatisSistemiProje-master\build\empty -target 17 -encoding UTF-8 -g -processorpath C:\Users\SuperMM\Desktop\mysql-connector-java-8.0.17\mysql-connector-java-8.0.17.jar;C:\Users\SuperMM\Desktop\jcalendar-1.4\lib\jcalendar.4.jar;C:\Users\hashe\Desktop\mysql-connector-j-8.0.33.jar;C:\Users\hashe\Desktop\OtobusBiletSatisSistemiProje-master\OtobusBiletSatisSistemiProje-master\build\empty -s C:\Users\hashe\Desktop\OtobusBiletSatisSistemiProje-master\OtobusBiletSatisSistemiProje-master\build\generated-sources\ap-source-output -source 17 C:\Users\hashe\Desktop\OtobusBiletSatisSistemiProje-master\OtobusBiletSatisSistemiProje-master\src\otobusbiletsatissistemi\OdemePage.java C:\Users\hashe\Desktop\OtobusBiletSatisSistemiProje-master\OtobusBiletSatisSistemiProje-master\src\otobusbiletsatissistemi\SeferDetaylari.java

Host: 11th Gen Intel(R) Core(TM) i7-11370H @ 3.30GHz, 8 cores, 15G,  Windows 11 , 64 bit Build 26100 (10.0.26100.7309)
Time: Wed Dec 24 07:39:09 2025 Turkey Standard Time elapsed time: 3.879297 seconds (0d 0h 0m 3s)

---------------  T H R E A D  ---------------

Current thread (0x000002117e982a80):  VMThread "VM Thread" [stack: 0x0000003fb2c00000,0x0000003fb2d00000] [id=13188]

Stack: [0x0000003fb2c00000,0x0000003fb2d00000]
Native frames: (J=compiled Java code, j=interpreted, Vv=VM code, C=native code)
V  [jvm.dll+0x67a0ea]
V  [jvm.dll+0x7da56d]
V  [jvm.dll+0x7dbeb3]
V  [jvm.dll+0x7dc523]
V  [jvm.dll+0x2453af]
V  [jvm.dll+0x677119]
V  [jvm.dll+0x66bda2]
V  [jvm.dll+0x3022a6]
V  [jvm.dll+0x309846]
V  [jvm.dll+0x35a25e]
V  [jvm.dll+0x35a48f]
V  [jvm.dll+0x2d9378]
V  [jvm.dll+0x2d77ad]
V  [jvm.dll+0x2d6dfc]
V  [jvm.dll+0x31a95b]
V  [jvm.dll+0x7e0e1b]
V  [jvm.dll+0x7e1b54]
V  [jvm.dll+0x7e206d]
V  [jvm.dll+0x7e2444]
V  [jvm.dll+0x7e2510]
V  [jvm.dll+0x78af4a]
V  [jvm.dll+0x678fd5]
C  [ucrtbase.dll+0x37b0]
C  [KERNEL32.DLL+0x2e8d7]
C  [ntdll.dll+0x8c53c]

VM_Operation (0x0000003fb26fe2c0): G1CollectForAllocation, mode: safepoint, requested by thread 0x00000211694069c0


---------------  P R O C E S S  ---------------

Threads class SMR info:
_java_thread_list=0x000002117f535240, length=14, elements={
0x00000211694069c0, 0x000002117e9850d0, 0x000002117e985b90, 0x000002117e99de70,
0x000002117e9a0740, 0x000002117e9a1000, 0x000002117e9a18c0, 0x000002117e9aa4c0,
0x000002117e9b0380, 0x000002117e9bb490, 0x000002117f000ff0, 0x000002117f017840,
0x000002117f07f760, 0x000002117f336030
}

Java Threads: ( => current thread )
  0x00000211694069c0 JavaThread "main" [_thread_blocked, id=16120, stack(0x0000003fb2600000,0x0000003fb2700000)]
  0x000002117e9850d0 JavaThread "Reference Handler" daemon [_thread_blocked, id=21084, stack(0x0000003fb2d00000,0x0000003fb2e00000)]
  0x000002117e985b90 JavaThread "Finalizer" daemon [_thread_blocked, id=15652, stack(0x0000003fb2e00000,0x0000003fb2f00000)]
  0x000002117e99de70 JavaThread "Signal Dispatcher" daemon [_thread_blocked, id=4968, stack(0x0000003fb2f00000,0x0000003fb3000000)]
  0x000002117e9a0740 JavaThread "Attach Listener" daemon [_thread_blocked, id=27024, stack(0x0000003fb3000000,0x0000003fb3100000)]
  0x000002117e9a1000 JavaThread "Service Thread" daemon [_thread_blocked, id=12352, stack(0x0000003fb3100000,0x0000003fb3200000)]
  0x000002117e9a18c0 JavaThread "Monitor Deflation Thread" daemon [_thread_blocked, id=11064, stack(0x0000003fb3200000,0x0000003fb3300000)]
  0x000002117e9aa4c0 JavaThread "C2 CompilerThread0" daemon [_thread_blocked, id=816, stack(0x0000003fb3300000,0x0000003fb3400000)]
  0x000002117e9b0380 JavaThread "C1 CompilerThread0" daemon [_thread_blocked, id=28448, stack(0x0000003fb3400000,0x0000003fb3500000)]
  0x000002117e9bb490 JavaThread "Sweeper thread" daemon [_thread_blocked, id=13788, stack(0x0000003fb3500000,0x0000003fb3600000)]
  0x000002117f000ff0 JavaThread "Common-Cleaner" daemon [_thread_blocked, id=20976, stack(0x0000003fb3600000,0x0000003fb3700000)]
  0x000002117f017840 JavaThread "C2 CompilerThread1" daemon [_thread_blocked, id=22648, stack(0x0000003fb3700000,0x0000003fb3800000)]
  0x000002117f07f760 JavaThread "Notification Thread" daemon [_thread_blocked, id=20236, stack(0x0000003fb3800000,0x0000003fb3900000)]
  0x000002117f336030 JavaThread "C2 CompilerThread2" daemon [_thread_blocked, id=2680, stack(0x0000003fb3f00000,0x0000003fb4000000)]

Other Threads:
=>0x000002117e982a80 VMThread "VM Thread" [stack: 0x0000003fb2c00000,0x0000003fb2d00000] [id=13188]
  0x00000211694cd770 WatcherThread [stack: 0x0000003fb3900000,0x0000003fb3a00000] [id=6700]
  0x0000021169471a40 GCTaskThread "GC Thread#0" [stack: 0x0000003fb2700000,0x0000003fb2800000] [id=21740]
  0x000002117f25f610 GCTaskThread "GC Thread#1" [stack: 0x0000003fb3a00000,0x0000003fb3b00000] [id=27076]
  0x000002117f1a5430 GCTaskThread "GC Thread#2" [stack: 0x0000003fb3b00000,0x0000003fb3c00000] [id=6360]
  0x000002117f1eafc0 GCTaskThread "GC Thread#3" [stack: 0x0000003fb3c00000,0x0000003fb3d00000] [id=15568]
  0x000002117f47e7c0 GCTaskThread "GC Thread#4" [stack: 0x0000003fb3d00000,0x0000003fb3e00000] [id=18680]
  0x000002117f4bb9b0 GCTaskThread "GC Thread#5" [stack: 0x0000003fb3e00000,0x0000003fb3f00000] [id=18056]
  0x00000211540a70b0 GCTaskThread "GC Thread#6" [stack: 0x0000003fb4000000,0x0000003fb4100000] [id=3292]
  0x00000211694824a0 ConcurrentGCThread "G1 Main Marker" [stack: 0x0000003fb2800000,0x0000003fb2900000] [id=26680]
  0x0000021169482dc0 ConcurrentGCThread "G1 Conc#0" [stack: 0x0000003fb2900000,0x0000003fb2a00000] [id=1076]
  0x00000211694cecd0 ConcurrentGCThread "G1 Refine#0" [stack: 0x0000003fb2a00000,0x0000003fb2b00000] [id=24264]
  0x000002117e8265d0 ConcurrentGCThread "G1 Service" [stack: 0x0000003fb2b00000,0x0000003fb2c00000] [id=18140]

Threads with active compile tasks:
C2 CompilerThread0     3895 1308       4       jdk.internal.jimage.ImageStringsReader::stringFromByteBuffer (73 bytes)
C1 CompilerThread0     3895 1341       3       com.sun.tools.javac.code.Symtab::defineClass (21 bytes)
C2 CompilerThread1     3895 1289       4       com.sun.tools.javac.util.SharedNameTable::fromUtf (174 bytes)
C2 CompilerThread2     3895 1306       4       jdk.internal.jimage.BasicImageReader::getString (35 bytes)

VM state: at safepoint (normal execution)

VM Mutex/Monitor currently owned by a thread:  ([mutex/lock_event])
[0x0000021169404190] Threads_lock - owner thread: 0x000002117e982a80
[0x00000211694036e0] Heap_lock - owner thread: 0x00000211694069c0

Heap address: 0x0000000704000000, size: 4032 MB, Compressed Oops mode: Zero based, Oop shift amount: 3

CDS archive(s) mapped at: [0x000002110f000000-0x000002110fbd0000-0x000002110fbd0000), size 12386304, SharedBaseAddress: 0x000002110f000000, ArchiveRelocationMode: 1.
Compressed class space mapped at: 0x0000021110000000-0x0000021150000000, reserved size: 1073741824
Narrow klass base: 0x000002110f000000, Narrow klass shift: 0, Narrow klass range: 0x100000000

GC Precious Log:
 CPUs: 8 total, 8 available
 Memory: 16122M
 Large Page Support: Disabled
 NUMA Support: Disabled
 Compressed Oops: Enabled (Zero based)
 Heap Region Size: 2M
 Heap Min Capacity: 8M
 Heap Initial Capacity: 8M
 Heap Max Capacity: 4032M
 Pre-touch: Disabled
 Parallel Workers: 8
 Concurrent Workers: 2
 Concurrent Refinement Workers: 8
 Periodic GC: Disabled

Heap:
 garbage-first heap   total 14336K, used 5911K [0x0000000704000000, 0x0000000800000000)
  region size 2048K, 1 young (2048K), 1 survivors (2048K)
 Metaspace       used 9014K, committed 9152K, reserved 1114112K
  class space    used 1032K, committed 1088K, reserved 1048576K

Heap Regions: E=young(eden), S=young(survivor), O=old, HS=humongous(starts), HC=humongous(continues), CS=collection set, F=free, OA=open archive, CA=closed archive, TAMS=top-at-mark-start (previous, next)
|   0|0x0000000704000000, 0x0000000704200000, 0x0000000704200000|100%| O|  |TAMS 0x0000000704000000, 0x0000000704000000| Untracked 
|   1|0x0000000704200000, 0x0000000704291a00, 0x0000000704400000| 28%| O|  |TAMS 0x0000000704200000, 0x0000000704200000| Untracked 
|   2|0x0000000704400000, 0x0000000704400000, 0x0000000704600000|  0%| F|  |TAMS 0x0000000704400000, 0x0000000704400000| Untracked 
|   3|0x0000000704600000, 0x00000007047342f0, 0x0000000704800000| 60%| S|CS|TAMS 0x0000000704600000, 0x0000000704600000| Complete 
|   4|0x0000000704800000, 0x0000000704800000, 0x0000000704a00000|  0%| F|  |TAMS 0x0000000704800000, 0x0000000704800000| Untracked 
|   5|0x0000000704a00000, 0x0000000704a00000, 0x0000000704c00000|  0%| F|  |TAMS 0x0000000704a00000, 0x0000000704a00000| Untracked 
|2015|0x00000007ffe00000, 0x0000000800000000, 0x0000000800000000|100%| O|  |TAMS 0x00000007ffe00000, 0x00000007ffe00000| Untracked 

Card table byte_map: [0x0000021173590000,0x0000021173d70000] _byte_map_base: 0x000002116fd70000

Marking Bits (Prev, Next): (CMBitMap*) 0x0000021169471f70, (CMBitMap*) 0x0000021169471fb0
 Prev Bits: [0x0000021174550000, 0x0000021178450000)
 Next Bits: [0x0000021178450000, 0x000002117c350000)

Polling page: 0x0000021169130000

Metaspace:

Usage:
  Non-class:      7.79 MB used.
      Class:      1.01 MB used.
       Both:      8.80 MB used.

Virtual space:
  Non-class space:       64.00 MB reserved,       7.88 MB ( 12%) committed,  1 nodes.
      Class space:        1.00 GB reserved,       1.06 MB ( <1%) committed,  1 nodes.
             Both:        1.06 GB reserved,       8.94 MB ( <1%) committed. 

Chunk freelists:
   Non-Class:  6.06 MB
       Class:  14.89 MB
        Both:  20.95 MB

MaxMetaspaceSize: unlimited
CompressedClassSpaceSize: 1.00 GB
Initial GC threshold: 21.00 MB
Current GC threshold: 21.00 MB
CDS: on
MetaspaceReclaimPolicy: balanced
 - commit_granule_bytes: 65536.
 - commit_granule_words: 8192.
 - virtual_space_node_default_size: 8388608.
 - enlarge_chunks_in_place: 1.
 - new_chunks_are_fully_committed: 0.
 - uncommit_free_chunks: 1.
 - use_allocation_guard: 0.
 - handle_deallocations: 1.


Internal statistics:

num_allocs_failed_limit: 0.
num_arena_births: 68.
num_arena_deaths: 0.
num_vsnodes_births: 2.
num_vsnodes_deaths: 0.
num_space_committed: 143.
num_space_uncommitted: 0.
num_chunks_returned_to_freelist: 0.
num_chunks_taken_from_freelist: 369.
num_chunk_merges: 0.
num_chunk_splits: 251.
num_chunks_enlarged: 196.
num_inconsistent_stats: 0.

CodeHeap 'non-profiled nmethods': size=120000Kb used=498Kb max_used=498Kb free=119501Kb
 bounds [0x0000021107ad0000, 0x0000021107d40000, 0x000002110f000000]
CodeHeap 'profiled nmethods': size=120000Kb used=2417Kb max_used=2417Kb free=117582Kb
 bounds [0x0000021100000000, 0x0000021100270000, 0x0000021107530000]
CodeHeap 'non-nmethods': size=5760Kb used=1160Kb max_used=1214Kb free=4600Kb
 bounds [0x0000021107530000, 0x00000211077a0000, 0x0000021107ad0000]
 total_blobs=1761 nmethods=1330 adapters=343
 compilation: enabled
              stopped_count=0, restarted_count=0
 full_count=0

Compilation events (20 events):
Event: 1.853 Thread 0x000002117e9b0380 nmethod 1323 0x0000021100256b10 code [0x0000021100256cc0, 0x0000021100256f28]
Event: 1.853 Thread 0x000002117e9b0380 1324       3       jdk.internal.jrtfs.JrtFileSystem::lambda$iteratorOf$2 (20 bytes)
Event: 1.853 Thread 0x000002117e9b0380 nmethod 1324 0x0000021100257010 code [0x0000021100257200, 0x0000021100257628]
Event: 1.853 Thread 0x000002117e9b0380 1334   !   3       java.util.ImmutableCollections$ListItr::next (34 bytes)
Event: 1.853 Thread 0x000002117e9b0380 nmethod 1334 0x0000021100257810 code [0x00000211002579c0, 0x0000021100257c98]
Event: 1.854 Thread 0x000002117e9b0380 1335       3       com.sun.tools.javac.file.JavacFileManager::isValidFile (13 bytes)
Event: 1.854 Thread 0x000002117e9b0380 nmethod 1335 0x0000021100257e10 code [0x0000021100257fc0, 0x00000211002581d8]
Event: 1.854 Thread 0x000002117e9b0380 1336       3       com.sun.tools.javac.file.RelativePath$RelativeFile::<init> (26 bytes)
Event: 1.854 Thread 0x000002117e9b0380 nmethod 1336 0x0000021100258310 code [0x00000211002585a0, 0x0000021100259088]
Event: 1.854 Thread 0x000002117e9b0380 1337       3       com.sun.tools.javac.file.PathFileObject::forDirectoryPath (12 bytes)
Event: 1.855 Thread 0x000002117e9b0380 nmethod 1337 0x0000021100259510 code [0x00000211002596e0, 0x0000021100259c38]
Event: 1.855 Thread 0x000002117e9b0380 1338       3       com.sun.tools.javac.file.PathFileObject$DirectoryFileObject::<init> (24 bytes)
Event: 1.855 Thread 0x000002117e9b0380 nmethod 1338 0x0000021100259e10 code [0x0000021100259fe0, 0x000002110025a478]
Event: 1.855 Thread 0x000002117e9b0380 1339       3       jdk.internal.jrtfs.JrtFileSystem::getPath (102 bytes)
Event: 1.856 Thread 0x000002117e9b0380 nmethod 1339 0x000002110025a610 code [0x000002110025a8c0, 0x000002110025b738]
Event: 1.856 Thread 0x000002117e9b0380 1333       3       jdk.internal.jrtfs.JrtPath::resolve (6 bytes)
Event: 1.856 Thread 0x000002117e9b0380 nmethod 1333 0x000002110025bc90 code [0x000002110025be40, 0x000002110025c0d8]
Event: 1.856 Thread 0x000002117e9b0380 1340       3       jdk.internal.jrtfs.JrtPath::resolve (17 bytes)
Event: 1.856 Thread 0x000002117e9b0380 nmethod 1340 0x000002110025c210 code [0x000002110025c3c0, 0x000002110025c5f8]
Event: 1.858 Thread 0x000002117e9b0380 1341       3       com.sun.tools.javac.code.Symtab::defineClass (21 bytes)

GC Heap History (17 events):
Event: 0.192 GC heap before
{Heap before GC invocations=0 (full 0):
 garbage-first heap   total 8192K, used 2048K [0x0000000704000000, 0x0000000800000000)
  region size 2048K, 1 young (2048K), 0 survivors (0K)
 Metaspace       used 1583K, committed 1728K, reserved 1114112K
  class space    used 187K, committed 256K, reserved 1048576K
}
Event: 0.194 GC heap after
{Heap after GC invocations=1 (full 0):
 garbage-first heap   total 8192K, used 1152K [0x0000000704000000, 0x0000000800000000)
  region size 2048K, 1 young (2048K), 1 survivors (2048K)
 Metaspace       used 1583K, committed 1728K, reserved 1114112K
  class space    used 187K, committed 256K, reserved 1048576K
}
Event: 0.367 GC heap before
{Heap before GC invocations=1 (full 0):
 garbage-first heap   total 8192K, used 1152K [0x0000000704000000, 0x0000000800000000)
  region size 2048K, 2 young (4096K), 1 survivors (2048K)
 Metaspace       used 5602K, committed 5824K, reserved 1114112K
  class space    used 673K, committed 768K, reserved 1048576K
}
Event: 0.370 GC heap after
{Heap after GC invocations=2 (full 0):
 garbage-first heap   total 8192K, used 1844K [0x0000000704000000, 0x0000000800000000)
  region size 2048K, 1 young (2048K), 1 survivors (2048K)
 Metaspace       used 5602K, committed 5824K, reserved 1114112K
  class space    used 673K, committed 768K, reserved 1048576K
}
Event: 0.485 GC heap before
{Heap before GC invocations=2 (full 0):
 garbage-first heap   total 8192K, used 1844K [0x0000000704000000, 0x0000000800000000)
  region size 2048K, 2 young (4096K), 1 survivors (2048K)
 Metaspace       used 7598K, committed 7808K, reserved 1114112K
  class space    used 868K, committed 960K, reserved 1048576K
}
Event: 0.490 GC heap after
{Heap after GC invocations=3 (full 0):
 garbage-first heap   total 8192K, used 2784K [0x0000000704000000, 0x0000000800000000)
  region size 2048K, 1 young (2048K), 1 survivors (2048K)
 Metaspace       used 7598K, committed 7808K, reserved 1114112K
  class space    used 868K, committed 960K, reserved 1048576K
}
Event: 0.563 GC heap before
{Heap before GC invocations=3 (full 0):
 garbage-first heap   total 8192K, used 2784K [0x0000000704000000, 0x0000000800000000)
  region size 2048K, 2 young (4096K), 1 survivors (2048K)
 Metaspace       used 7822K, committed 8000K, reserved 1114112K
  class space    used 895K, committed 1024K, reserved 1048576K
}
Event: 0.567 GC heap after
{Heap after GC invocations=4 (full 0):
 garbage-first heap   total 8192K, used 3002K [0x0000000704000000, 0x0000000800000000)
  region size 2048K, 1 young (2048K), 1 survivors (2048K)
 Metaspace       used 7822K, committed 8000K, reserved 1114112K
  class space    used 895K, committed 1024K, reserved 1048576K
}
Event: 0.696 GC heap before
{Heap before GC invocations=4 (full 0):
 garbage-first heap   total 8192K, used 3002K [0x0000000704000000, 0x0000000800000000)
  region size 2048K, 2 young (4096K), 1 survivors (2048K)
 Metaspace       used 8363K, committed 8576K, reserved 1114112K
  class space    used 958K, committed 1024K, reserved 1048576K
}
Event: 1.716 GC heap after
{Heap after GC invocations=5 (full 0):
 garbage-first heap   total 14336K, used 4015K [0x0000000704000000, 0x0000000800000000)
  region size 2048K, 1 young (2048K), 1 survivors (2048K)
 Metaspace       used 8363K, committed 8576K, reserved 1114112K
  class space    used 958K, committed 1024K, reserved 1048576K
}
Event: 1.788 GC heap before
{Heap before GC invocations=5 (full 0):
 garbage-first heap   total 14336K, used 6063K [0x0000000704000000, 0x0000000800000000)
  region size 2048K, 2 young (4096K), 1 survivors (2048K)
 Metaspace       used 8750K, committed 8896K, reserved 1114112K
  class space    used 1011K, committed 1088K, reserved 1048576K
}
Event: 1.791 GC heap after
{Heap after GC invocations=6 (full 0):
 garbage-first heap   total 14336K, used 4666K [0x0000000704000000, 0x0000000800000000)
  region size 2048K, 1 young (2048K), 1 survivors (2048K)
 Metaspace       used 8750K, committed 8896K, reserved 1114112K
  class space    used 1011K, committed 1088K, reserved 1048576K
}
Event: 1.807 GC heap before
{Heap before GC invocations=6 (full 0):
 garbage-first heap   total 14336K, used 6714K [0x0000000704000000, 0x0000000800000000)
  region size 2048K, 2 young (4096K), 1 survivors (2048K)
 Metaspace       used 8789K, committed 8960K, reserved 1114112K
  class space    used 1011K, committed 1088K, reserved 1048576K
}
Event: 1.809 GC heap after
{Heap after GC invocations=7 (full 0):
 garbage-first heap   total 14336K, used 5083K [0x0000000704000000, 0x0000000800000000)
  region size 2048K, 1 young (2048K), 1 survivors (2048K)
 Metaspace       used 8789K, committed 8960K, reserved 1114112K
  class space    used 1011K, committed 1088K, reserved 1048576K
}
Event: 1.844 GC heap before
{Heap before GC invocations=7 (full 0):
 garbage-first heap   total 14336K, used 7131K [0x0000000704000000, 0x0000000800000000)
  region size 2048K, 2 young (4096K), 1 survivors (2048K)
 Metaspace       used 8998K, committed 9088K, reserved 1114112K
  class space    used 1032K, committed 1088K, reserved 1048576K
}
Event: 1.847 GC heap after
{Heap after GC invocations=8 (full 0):
 garbage-first heap   total 14336K, used 5461K [0x0000000704000000, 0x0000000800000000)
  region size 2048K, 1 young (2048K), 1 survivors (2048K)
 Metaspace       used 8998K, committed 9088K, reserved 1114112K
  class space    used 1032K, committed 1088K, reserved 1048576K
}
Event: 1.858 GC heap before
{Heap before GC invocations=8 (full 0):
 garbage-first heap   total 14336K, used 7509K [0x0000000704000000, 0x0000000800000000)
  region size 2048K, 2 young (4096K), 1 survivors (2048K)
 Metaspace       used 9014K, committed 9152K, reserved 1114112K
  class space    used 1032K, committed 1088K, reserved 1048576K
}

Deoptimization events (20 events):
Event: 1.829 Thread 0x00000211694069c0 DEOPT PACKING pc=0x0000021107b47104 sp=0x0000003fb26fdc50
Event: 1.829 Thread 0x00000211694069c0 DEOPT UNPACKING pc=0x0000021107585ba3 sp=0x0000003fb26fdbf8 mode 2
Event: 1.829 Thread 0x00000211694069c0 Uncommon trap: trap_request=0xffffff45 fr.pc=0x0000021107b3223c relative=0x000000000000031c
Event: 1.829 Thread 0x00000211694069c0 Uncommon trap: reason=unstable_if action=reinterpret pc=0x0000021107b3223c method=java.lang.String.<init>([CIILjava/lang/Void;)V @ 5 c2
Event: 1.829 Thread 0x00000211694069c0 DEOPT PACKING pc=0x0000021107b3223c sp=0x0000003fb26fdb10
Event: 1.829 Thread 0x00000211694069c0 DEOPT UNPACKING pc=0x0000021107585ba3 sp=0x0000003fb26fdaf8 mode 2
Event: 1.851 Thread 0x00000211694069c0 DEOPT PACKING pc=0x000002110016c8e5 sp=0x0000003fb26fe1d0
Event: 1.851 Thread 0x00000211694069c0 DEOPT UNPACKING pc=0x00000211075866e3 sp=0x0000003fb26fd620 mode 0
Event: 1.851 Thread 0x00000211694069c0 DEOPT PACKING pc=0x000002110016c8e5 sp=0x0000003fb26fe1e0
Event: 1.851 Thread 0x00000211694069c0 DEOPT UNPACKING pc=0x00000211075866e3 sp=0x0000003fb26fd630 mode 0
Event: 1.852 Thread 0x00000211694069c0 DEOPT PACKING pc=0x000002110016c8e5 sp=0x0000003fb26fe070
Event: 1.852 Thread 0x00000211694069c0 DEOPT UNPACKING pc=0x00000211075866e3 sp=0x0000003fb26fd4c0 mode 0
Event: 1.852 Thread 0x00000211694069c0 DEOPT PACKING pc=0x000002110016c8e5 sp=0x0000003fb26fe070
Event: 1.852 Thread 0x00000211694069c0 DEOPT UNPACKING pc=0x00000211075866e3 sp=0x0000003fb26fd4c0 mode 0
Event: 1.853 Thread 0x00000211694069c0 DEOPT PACKING pc=0x000002110016c8e5 sp=0x0000003fb26fe070
Event: 1.853 Thread 0x00000211694069c0 DEOPT UNPACKING pc=0x00000211075866e3 sp=0x0000003fb26fd4c0 mode 0
Event: 1.853 Thread 0x00000211694069c0 DEOPT PACKING pc=0x000002110016c8e5 sp=0x0000003fb26fe1e0
Event: 1.853 Thread 0x00000211694069c0 DEOPT UNPACKING pc=0x00000211075866e3 sp=0x0000003fb26fd630 mode 0
Event: 1.854 Thread 0x00000211694069c0 DEOPT PACKING pc=0x000002110016c8e5 sp=0x0000003fb26fe070
Event: 1.854 Thread 0x00000211694069c0 DEOPT UNPACKING pc=0x00000211075866e3 sp=0x0000003fb26fd4c0 mode 0

Classes unloaded (0 events):
No events

Classes redefined (0 events):
No events

Internal exceptions (20 events):
Event: 0.612 Thread 0x00000211694069c0 Exception <a 'java/lang/NoSuchMethodError'{0x0000000704670d68}: 'java.lang.Object java.lang.invoke.DirectMethodHandle$Holder.invokeVirtual(java.lang.Object, java.lang.Object, java.lang.Object, int, int)'> (0x0000000704670d68) 
thrown [s\open\src\hotspot\share\interpreter\linkResolver.cpp, line 759]
Event: 0.613 Thread 0x00000211694069c0 Exception <a 'java/lang/NoSuchMethodError'{0x00000007046779b0}: 'java.lang.Object java.lang.invoke.DirectMethodHandle$Holder.invokeVirtual(java.lang.Object, java.lang.Object, int)'> (0x00000007046779b0) 
thrown [s\open\src\hotspot\share\interpreter\linkResolver.cpp, line 759]
Event: 0.619 Thread 0x00000211694069c0 Exception <a 'java/lang/NoSuchMethodError'{0x0000000704690210}: 'java.lang.Object java.lang.invoke.DirectMethodHandle$Holder.invokeSpecial(java.lang.Object, java.lang.Object, java.lang.Object, int, int)'> (0x0000000704690210) 
thrown [s\open\src\hotspot\share\interpreter\linkResolver.cpp, line 759]
Event: 1.743 Thread 0x00000211694069c0 Exception <a 'java/lang/NoSuchMethodError'{0x0000000704b13268}: 'void java.lang.invoke.DirectMethodHandle$Holder.invokeStatic(java.lang.Object, java.lang.Object)'> (0x0000000704b13268) 
thrown [s\open\src\hotspot\share\interpreter\linkResolver.cpp, line 759]
Event: 1.744 Thread 0x00000211694069c0 Exception <a 'sun/nio/fs/WindowsException'{0x0000000704b1d288}> (0x0000000704b1d288) 
thrown [s\open\src\hotspot\share\prims\jni.cpp, line 516]
Event: 1.778 Thread 0x00000211694069c0 Exception <a 'sun/nio/fs/WindowsException'{0x0000000704bc9f00}> (0x0000000704bc9f00) 
thrown [s\open\src\hotspot\share\prims\jni.cpp, line 516]
Event: 1.778 Thread 0x00000211694069c0 Exception <a 'sun/nio/fs/WindowsException'{0x0000000704bca340}> (0x0000000704bca340) 
thrown [s\open\src\hotspot\share\prims\jni.cpp, line 516]
Event: 1.785 Thread 0x00000211694069c0 Exception <a 'sun/nio/fs/WindowsException'{0x0000000704bdfb58}> (0x0000000704bdfb58) 
thrown [s\open\src\hotspot\share\prims\jni.cpp, line 516]
Event: 1.787 Thread 0x00000211694069c0 Exception <a 'sun/nio/fs/WindowsException'{0x0000000704be4af0}> (0x0000000704be4af0) 
thrown [s\open\src\hotspot\share\prims\jni.cpp, line 516]
Event: 1.787 Thread 0x00000211694069c0 Exception <a 'sun/nio/fs/WindowsException'{0x0000000704be4ee0}> (0x0000000704be4ee0) 
thrown [s\open\src\hotspot\share\prims\jni.cpp, line 516]
Event: 1.815 Thread 0x00000211694069c0 Exception <a 'java/lang/NoSuchMethodError'{0x0000000704a688f8}: 'int java.lang.invoke.DirectMethodHandle$Holder.invokeSpecial(java.lang.Object, java.lang.Object, java.lang.Object)'> (0x0000000704a688f8) 
thrown [s\open\src\hotspot\share\interpreter\linkResolver.cpp, line 759]
Event: 1.817 Thread 0x00000211694069c0 Exception <a 'sun/nio/fs/WindowsException'{0x0000000704a73160}> (0x0000000704a73160) 
thrown [s\open\src\hotspot\share\prims\jni.cpp, line 516]
Event: 1.817 Thread 0x00000211694069c0 Exception <a 'sun/nio/fs/WindowsException'{0x0000000704a73540}> (0x0000000704a73540) 
thrown [s\open\src\hotspot\share\prims\jni.cpp, line 516]
Event: 1.817 Thread 0x00000211694069c0 Exception <a 'sun/nio/fs/WindowsException'{0x0000000704a74668}> (0x0000000704a74668) 
thrown [s\open\src\hotspot\share\prims\jni.cpp, line 516]
Event: 1.817 Thread 0x00000211694069c0 Exception <a 'sun/nio/fs/WindowsException'{0x0000000704a74a38}> (0x0000000704a74a38) 
thrown [s\open\src\hotspot\share\prims\jni.cpp, line 516]
Event: 1.824 Thread 0x00000211694069c0 Exception <a 'java/lang/NoSuchMethodError'{0x0000000704ad9298}: 'java.lang.Object java.lang.invoke.DirectMethodHandle$Holder.invokeStatic(java.lang.Object, java.lang.Object, int, int)'> (0x0000000704ad9298) 
thrown [s\open\src\hotspot\share\interpreter\linkResolver.cpp, line 759]
Event: 1.841 Thread 0x00000211694069c0 Exception <a 'sun/nio/fs/WindowsException'{0x0000000704b4d4a0}> (0x0000000704b4d4a0) 
thrown [s\open\src\hotspot\share\prims\jni.cpp, line 516]
Event: 1.841 Thread 0x00000211694069c0 Exception <a 'sun/nio/fs/WindowsException'{0x0000000704b4d880}> (0x0000000704b4d880) 
thrown [s\open\src\hotspot\share\prims\jni.cpp, line 516]
Event: 1.841 Thread 0x00000211694069c0 Exception <a 'sun/nio/fs/WindowsException'{0x0000000704b4e9a8}> (0x0000000704b4e9a8) 
thrown [s\open\src\hotspot\share\prims\jni.cpp, line 516]
Event: 1.841 Thread 0x00000211694069c0 Exception <a 'sun/nio/fs/WindowsException'{0x0000000704b4ed80}> (0x0000000704b4ed80) 
thrown [s\open\src\hotspot\share\prims\jni.cpp, line 516]

VM Operations (20 events):
Event: 0.227 Executing VM operation: HandshakeAllThreads done
Event: 0.367 Executing VM operation: G1CollectForAllocation
Event: 0.370 Executing VM operation: G1CollectForAllocation done
Event: 0.485 Executing VM operation: G1CollectForAllocation
Event: 0.490 Executing VM operation: G1CollectForAllocation done
Event: 0.549 Executing VM operation: HandshakeAllThreads
Event: 0.549 Executing VM operation: HandshakeAllThreads done
Event: 0.563 Executing VM operation: G1CollectForAllocation
Event: 0.568 Executing VM operation: G1CollectForAllocation done
Event: 0.696 Executing VM operation: G1CollectForAllocation
Event: 1.716 Executing VM operation: G1CollectForAllocation done
Event: 1.788 Executing VM operation: G1CollectForAllocation
Event: 1.791 Executing VM operation: G1CollectForAllocation done
Event: 1.806 Executing VM operation: G1CollectForAllocation
Event: 1.809 Executing VM operation: G1CollectForAllocation done
Event: 1.830 Executing VM operation: HandshakeAllThreads
Event: 1.830 Executing VM operation: HandshakeAllThreads done
Event: 1.844 Executing VM operation: G1CollectForAllocation
Event: 1.847 Executing VM operation: G1CollectForAllocation done
Event: 1.858 Executing VM operation: G1CollectForAllocation

Events (20 events):
Event: 1.746 loading class java/util/stream/Node$OfInt done
Event: 1.746 loading class java/util/stream/Nodes$EmptyNode$OfInt done
Event: 1.746 loading class java/util/stream/Nodes$EmptyNode$OfLong
Event: 1.746 loading class java/util/stream/Node$OfLong
Event: 1.746 loading class java/util/stream/Node$OfLong done
Event: 1.746 loading class java/util/stream/Nodes$EmptyNode$OfLong done
Event: 1.746 loading class java/util/stream/Nodes$EmptyNode$OfDouble
Event: 1.746 loading class java/util/stream/Node$OfDouble
Event: 1.746 loading class java/util/stream/Node$OfDouble done
Event: 1.747 loading class java/util/stream/Nodes$EmptyNode$OfDouble done
Event: 1.747 loading class java/util/stream/Nodes$SpinedNodeBuilder
Event: 1.747 loading class java/util/stream/Node$Builder
Event: 1.747 loading class java/util/stream/Node$Builder done
Event: 1.747 loading class java/util/stream/Nodes$SpinedNodeBuilder done
Event: 1.747 loading class sun/nio/fs/WindowsPath$WindowsPathWithAttributes
Event: 1.747 loading class sun/nio/fs/BasicFileAttributesHolder
Event: 1.747 loading class sun/nio/fs/BasicFileAttributesHolder done
Event: 1.747 loading class sun/nio/fs/WindowsPath$WindowsPathWithAttributes done
Event: 1.830 loading class jdk/internal/jimage/ImageReader$LinkNode
Event: 1.830 loading class jdk/internal/jimage/ImageReader$LinkNode done


Dynamic libraries:
0x00007ff66ade0000 - 0x00007ff66ade8000 	C:\Program Files\Java\jdk-17\bin\javac.exe
0x00007ff8e2200000 - 0x00007ff8e2467000 	C:\WINDOWS\SYSTEM32\ntdll.dll
0x00007ff8e0b00000 - 0x00007ff8e0bc9000 	C:\WINDOWS\System32\KERNEL32.DLL
0x00007ff8df820000 - 0x00007ff8dfc0f000 	C:\WINDOWS\System32\KERNELBASE.dll
0x00007ff8dfe50000 - 0x00007ff8dff9b000 	C:\WINDOWS\System32\ucrtbase.dll
0x00007ff8bd860000 - 0x00007ff8bd87b000 	C:\Program Files\Java\jdk-17\bin\VCRUNTIME140.dll
0x00007ff8b20d0000 - 0x00007ff8b20e9000 	C:\Program Files\Java\jdk-17\bin\jli.dll
0x00007ff8e0db0000 - 0x00007ff8e0e64000 	C:\WINDOWS\System32\ADVAPI32.dll
0x00007ff8e0530000 - 0x00007ff8e05d9000 	C:\WINDOWS\System32\msvcrt.dll
0x00007ff8e20e0000 - 0x00007ff8e2186000 	C:\WINDOWS\System32\sechost.dll
0x00007ff8e0ff0000 - 0x00007ff8e1108000 	C:\WINDOWS\System32\RPCRT4.dll
0x00007ff8e0be0000 - 0x00007ff8e0da5000 	C:\WINDOWS\System32\USER32.dll
0x00007ff8df400000 - 0x00007ff8df427000 	C:\WINDOWS\System32\win32u.dll
0x00007ff8e0740000 - 0x00007ff8e076b000 	C:\WINDOWS\System32\GDI32.dll
0x00007ff8df4e0000 - 0x00007ff8df60c000 	C:\WINDOWS\System32\gdi32full.dll
0x00007ff8df350000 - 0x00007ff8df3f3000 	C:\WINDOWS\System32\msvcp_win.dll
0x00007ff8c0140000 - 0x00007ff8c03d3000 	C:\WINDOWS\WinSxS\amd64_microsoft.windows.common-controls_6595b64144ccf1df_6.0.26100.7309_none_3e05feeae336a044\COMCTL32.dll
0x00007ff8d42b0000 - 0x00007ff8d42bb000 	C:\WINDOWS\SYSTEM32\VERSION.dll
0x00007ff8e0140000 - 0x00007ff8e0171000 	C:\WINDOWS\System32\IMM32.DLL
0x00007ff8d7a60000 - 0x00007ff8d7a6c000 	C:\Program Files\Java\jdk-17\bin\vcruntime140_1.dll
0x00007ff8a1a30000 - 0x00007ff8a1abe000 	C:\Program Files\Java\jdk-17\bin\msvcp140.dll
0x00007ff813300000 - 0x00007ff813ee0000 	C:\Program Files\Java\jdk-17\bin\server\jvm.dll
0x00007ff8e1f60000 - 0x00007ff8e1f68000 	C:\WINDOWS\System32\PSAPI.DLL
0x00007ff8cd4f0000 - 0x00007ff8cd4fa000 	C:\WINDOWS\SYSTEM32\WSOCK32.dll
0x00007ff8d7490000 - 0x00007ff8d74c5000 	C:\WINDOWS\SYSTEM32\WINMM.dll
0x00007ff8e0f70000 - 0x00007ff8e0fe4000 	C:\WINDOWS\System32\WS2_32.dll
0x00007ff8de100000 - 0x00007ff8de11b000 	C:\WINDOWS\SYSTEM32\kernel.appcore.dll
0x00007ff8c5620000 - 0x00007ff8c562a000 	C:\Program Files\Java\jdk-17\bin\jimage.dll
0x00007ff8dc8b0000 - 0x00007ff8dcaf2000 	C:\WINDOWS\SYSTEM32\DBGHELP.DLL
0x00007ff8e0770000 - 0x00007ff8e0af5000 	C:\WINDOWS\System32\combase.dll
0x00007ff8e0450000 - 0x00007ff8e0526000 	C:\WINDOWS\System32\OLEAUT32.dll
0x00007ff8d7450000 - 0x00007ff8d748c000 	C:\WINDOWS\SYSTEM32\dbgcore.DLL
0x00007ff8df430000 - 0x00007ff8df4d5000 	C:\WINDOWS\System32\bcryptPrimitives.dll
0x00007ff8bbbd0000 - 0x00007ff8bbbf5000 	C:\Program Files\Java\jdk-17\bin\java.dll
0x00007ff8b1180000 - 0x00007ff8b1257000 	C:\Program Files\Java\jdk-17\bin\jsvml.dll
0x00007ff8e1210000 - 0x00007ff8e1963000 	C:\WINDOWS\System32\SHELL32.dll
0x00007ff8dfc20000 - 0x00007ff8dfd8a000 	C:\WINDOWS\System32\wintypes.dll
0x00007ff8dcf70000 - 0x00007ff8dd7ce000 	C:\WINDOWS\SYSTEM32\windows.storage.dll
0x00007ff8e1110000 - 0x00007ff8e1205000 	C:\WINDOWS\System32\SHCORE.dll
0x00007ff8e0e70000 - 0x00007ff8e0ed6000 	C:\WINDOWS\System32\shlwapi.dll
0x00007ff8df270000 - 0x00007ff8df299000 	C:\WINDOWS\SYSTEM32\profapi.dll
0x00007ff8b14c0000 - 0x00007ff8b14d9000 	C:\Program Files\Java\jdk-17\bin\net.dll
0x00007ff8ce2f0000 - 0x00007ff8ce418000 	C:\WINDOWS\SYSTEM32\WINHTTP.dll
0x00007ff8de670000 - 0x00007ff8de6db000 	C:\WINDOWS\system32\mswsock.dll
0x00007ff8b1460000 - 0x00007ff8b1476000 	C:\Program Files\Java\jdk-17\bin\nio.dll
0x00007ff8b1440000 - 0x00007ff8b1458000 	C:\Program Files\Java\jdk-17\bin\zip.dll

dbghelp: loaded successfully - version: 4.0.5 - missing functions: none
symbol engine: initialized successfully - sym options: 0x614 - pdb path: .;C:\Program Files\Java\jdk-17\bin;C:\WINDOWS\SYSTEM32;C:\WINDOWS\WinSxS\amd64_microsoft.windows.common-controls_6595b64144ccf1df_6.0.26100.7309_none_3e05feeae336a044;C:\Program Files\Java\jdk-17\bin\server

VM Arguments:
jvm_args: -Dapplication.home=C:\Program Files\Java\jdk-17 --add-modules=ALL-DEFAULT -Xms8m -Djdk.module.main=jdk.compiler 
java_command: jdk.compiler/com.sun.tools.javac.Main -d C:\Users\hashe\Desktop\OtobusBiletSatisSistemiProje-master\OtobusBiletSatisSistemiProje-master\build\classes -classpath C:\Users\hashe\Desktop\OtobusBiletSatisSistemiProje-master\OtobusBiletSatisSistemiProje-master\build\classes;C:\Users\hashe\Desktop\mysql-connector-j-8.0.33.jar -sourcepath C:\Users\hashe\Desktop\OtobusBiletSatisSistemiProje-master\OtobusBiletSatisSistemiProje-master\build\empty -target 17 -encoding UTF-8 -g -processorpath C:\Users\SuperMM\Desktop\mysql-connector-java-8.0.17\mysql-connector-java-8.0.17.jar;C:\Users\SuperMM\Desktop\jcalendar-1.4\lib\jcalendar.4.jar;C:\Users\hashe\Desktop\mysql-connector-j-8.0.33.jar;C:\Users\hashe\Desktop\OtobusBiletSatisSistemiProje-master\OtobusBiletSatisSistemiProje-master\build\empty -s C:\Users\hashe\Desktop\OtobusBiletSatisSistemiProje-master\OtobusBiletSatisSistemiProje-master\build\generated-sources\ap-source-output -source 17 C:\Users\hashe\Desktop\OtobusBiletSatisSistemiProje-master\OtobusBiletSatisSistemiProje-master\src\otobusbiletsatissistemi\OdemePage.java C:\Users\hashe\Desktop\OtobusBiletSatisSistemiProje-master\OtobusBiletSatisSistemiProje-master\src\otobusbiletsatissistemi\SeferDetaylari.java
java_class_path (initial): <not set>
Launcher Type: SUN_STANDARD

[Global flags]
     intx CICompilerCount                          = 4                                         {product} {ergonomic}
     uint ConcGCThreads                            = 2                                         {product} {ergonomic}
     uint G1ConcRefinementThreads                  = 8                                         {product} {ergonomic}
   size_t G1HeapRegionSize                         = 2097152                                   {product} {ergonomic}
    uintx GCDrainStackTargetSize                   = 64                                        {product} {ergonomic}
   size_t InitialHeapSize                          = 8388608                                   {product} {command line}
   size_t MarkStackSize                            = 4194304                                   {product} {ergonomic}
   size_t MaxHeapSize                              = 4227858432                                {product} {ergonomic}
   size_t MaxNewSize                               = 2535456768                                {product} {ergonomic}
   size_t MinHeapDeltaBytes                        = 2097152                                   {product} {ergonomic}
   size_t MinHeapSize                              = 8388608                                   {product} {command line}
    uintx NonNMethodCodeHeapSize                   = 5839372                                {pd product} {ergonomic}
    uintx NonProfiledCodeHeapSize                  = 122909434                              {pd product} {ergonomic}
    uintx ProfiledCodeHeapSize                     = 122909434                              {pd product} {ergonomic}
    uintx ReservedCodeCacheSize                    = 251658240                              {pd product} {ergonomic}
     bool SegmentedCodeCache                       = true                                      {product} {ergonomic}
   size_t SoftMaxHeapSize                          = 4227858432                             {manageable} {ergonomic}
     bool UseCompressedClassPointers               = true                           {product lp64_product} {ergonomic}
     bool UseCompressedOops                        = true                           {product lp64_product} {ergonomic}
     bool UseG1GC                                  = true                                      {product} {ergonomic}
     bool UseLargePagesIndividualAllocation        = false                                  {pd product} {ergonomic}

Logging:
Log output configuration:
 #0: stdout all=warning uptime,level,tags
 #1: stderr all=off uptime,level,tags

Environment Variables:
PATH=C:\Program Files\Common Files\Oracle\Java\javapath;C:\Program Files\NVIDIA GPU Computing Toolkit\CUDA\v12.6\bin;C:\Program Files\NVIDIA GPU Computing Toolkit\CUDA\v12.6\libnvvp;C:\Program Files\Microsoft MPI\Bin\;C:\Program Files (x86)\Common Files\Intel\Shared Libraries\redist\intel64\compiler;C:\Windows\system32;C:\Windows;C:\Windows\System32\Wbem;C:\Windows\System32\WindowsPowerShell\v1.0\;C:\Windows\System32\OpenSSH\;C:\Program Files\dotnet\;C:\WINDOWS\system32;C:\WINDOWS;C:\WINDOWS\System32\Wbem;C:\WINDOWS\System32\WindowsPowerShell\v1.0\;C:\WINDOWS\System32\OpenSSH\;C:\Users\hashe\Desktop\mingw32;C:\Program Files\Git\cmd;C:\Program Files\NVIDIA Corporation\NVIDIA app\NvDLISR;C:\Program Files (x86)\NVIDIA Corporation\PhysX\Common;C:\Program Files\NVIDIA Corporation\Nsight Compute 2024.3.2\;C:\Program Files\MySQL\MySQL Server 8.0\bin;C:\Program Files\cursor\resources\app\bin;C:\Program Files\MySQL\MySQL Shell 8.0\bin\;C:\Users\hashe\AppData\Local\Programs\Microsoft VS Code\bin;C:\Users\hashe\AppData\Local\GitHubDesktop\bin;C:\Users\hashe\Desktop\openJdk-25\bin;
USERNAME=hashe
OS=Windows_NT
PROCESSOR_IDENTIFIER=Intel64 Family 6 Model 140 Stepping 1, GenuineIntel



---------------  S Y S T E M  ---------------

OS:
 Windows 11 , 64 bit Build 26100 (10.0.26100.7309)
OS uptime: 1 days 3:05 hours

CPU: total 8 (initial active 8) (4 cores per cpu, 2 threads per core) family 6 model 140 stepping 1 microcode 0xa4, cx8, cmov, fxsr, ht, mmx, 3dnowpref, sse, sse2, sse3, ssse3, sse4.1, sse4.2, popcnt, lzcnt, tsc, tscinvbit, avx, avx2, aes, erms, clmul, bmi1, bmi2, adx, avx512f, avx512dq, avx512cd, avx512bw, avx512vl, sha, fma, vzeroupper, avx512_vpopcntdq, avx512_vpclmulqdq, avx512_vaes, avx512_vnni, clflush, clflushopt, clwb, avx512_vbmi2, avx512_vbmi

Memory: 4k page, system-wide physical 16122M (1818M free)
TotalPageFile size 48890M (AvailPageFile size 18M)
current process WorkingSet (physical memory assigned to process): 91M, peak: 91M
current process commit charge ("private bytes"): 123M, peak: 151M

vm_info: Java HotSpot(TM) 64-Bit Server VM (17.0.17+8-LTS-360) for windows-amd64 JRE (17.0.17+8-LTS-360), built on Sep 27 2025 05:17:01 by "mach5run" with MS VC++ 17.6 (VS2022)

END.
