#
# There is insufficient memory for the Java Runtime Environment to continue.
# Native memory allocation (malloc) failed to allocate 1478064 bytes for Chunk::new
# Possible reasons:
#   The system is out of physical RAM or swap space
#   The process is running with CompressedOops enabled, and the Java Heap may be blocking the growth of the native heap
# Possible solutions:
#   Reduce memory load on the system
#   Increase physical memory or swap space
#   Check if swap backing store is full
#   Decrease Java heap size (-Xmx/-Xms)
#   Decrease number of Java threads
#   Decrease Java thread stack sizes (-Xss)
#   Set larger code cache with -XX:ReservedCodeCacheSize=
#   JVM is running with Zero Based Compressed Oops mode in which the Java heap is
#     placed in the first 32GB address space. The Java Heap base address is the
#     maximum limit for the native heap growth. Please use -XX:HeapBaseMinAddress
#     to set the Java Heap base and to place the Java Heap above 32GB virtual address.
# This output file may be truncated or incomplete.
#
#  Out of Memory Error (arena.cpp:189), pid=27396, tid=12480
#
# JRE version: Java(TM) SE Runtime Environment (17.0.17+8) (build 17.0.17+8-LTS-360)
# Java VM: Java HotSpot(TM) 64-Bit Server VM (17.0.17+8-LTS-360, mixed mode, sharing, tiered, compressed oops, compressed class ptrs, g1 gc, windows-amd64)
# No core dump will be written. Minidumps are not enabled by default on client versions of Windows
#

---------------  S U M M A R Y ------------

Command Line: -Dfile.encoding=UTF-8 otobusbiletsatissistemi.AnaSayfa

Host: 11th Gen Intel(R) Core(TM) i7-11370H @ 3.30GHz, 8 cores, 15G,  Windows 11 , 64 bit Build 26100 (10.0.26100.7309)
Time: Wed Dec 24 07:36:18 2025 Turkey Standard Time elapsed time: 57.000627 seconds (0d 0h 0m 57s)

---------------  T H R E A D  ---------------

Current thread (0x0000019e0b188470):  JavaThread "C2 CompilerThread0" daemon [_thread_in_native, id=12480, stack(0x000000716e300000,0x000000716e400000)]


Current CompileTask:
C2:  57000 3814       4       javax.swing.GroupLayout$ComponentSpring::getBaseline (61 bytes)

Stack: [0x000000716e300000,0x000000716e400000]
Native frames: (J=compiled Java code, j=interpreted, Vv=VM code, C=native code)
V  [jvm.dll+0x67a0ea]
V  [jvm.dll+0x7da56d]
V  [jvm.dll+0x7dbeb3]
V  [jvm.dll+0x7dc523]
V  [jvm.dll+0x2453af]
V  [jvm.dll+0xab763]
V  [jvm.dll+0xabd2c]
V  [jvm.dll+0x36211e]
V  [jvm.dll+0x1ba4aa]
V  [jvm.dll+0x216cb7]
V  [jvm.dll+0x215f8f]
V  [jvm.dll+0x1a2b50]
V  [jvm.dll+0x22642b]
V  [jvm.dll+0x2245cb]
V  [jvm.dll+0x790964]
V  [jvm.dll+0x78af4a]
V  [jvm.dll+0x678fd5]
C  [ucrtbase.dll+0x37b0]
C  [KERNEL32.DLL+0x2e8d7]
C  [ntdll.dll+0x8c53c]


---------------  P R O C E S S  ---------------

Threads class SMR info:
_java_thread_list=0x0000019e0b462ff0, length=19, elements={
0x0000019e0b040870, 0x0000019e0b041420, 0x0000019e0b04e390, 0x0000019e0b053160,
0x0000019e0b053b10, 0x0000019e0b0544c0, 0x0000019e0b188470, 0x0000019e0b191c60,
0x0000019e0b192650, 0x0000019e0b2d57b0, 0x0000019e0b2de260, 0x0000019e0b344480,
0x0000019e0b50b460, 0x0000019e0b4fd450, 0x0000019e5185b020, 0x0000019e6832d150,
0x0000019e541930a0, 0x0000019e54193570, 0x0000019e0b46e730
}

Java Threads: ( => current thread )
  0x0000019e0b040870 JavaThread "Reference Handler" daemon [_thread_blocked, id=25448, stack(0x000000716dd00000,0x000000716de00000)]
  0x0000019e0b041420 JavaThread "Finalizer" daemon [_thread_blocked, id=16652, stack(0x000000716de00000,0x000000716df00000)]
  0x0000019e0b04e390 JavaThread "Signal Dispatcher" daemon [_thread_blocked, id=1916, stack(0x000000716df00000,0x000000716e000000)]
  0x0000019e0b053160 JavaThread "Attach Listener" daemon [_thread_blocked, id=9716, stack(0x000000716e000000,0x000000716e100000)]
  0x0000019e0b053b10 JavaThread "Service Thread" daemon [_thread_blocked, id=9612, stack(0x000000716e100000,0x000000716e200000)]
  0x0000019e0b0544c0 JavaThread "Monitor Deflation Thread" daemon [_thread_blocked, id=4708, stack(0x000000716e200000,0x000000716e300000)]
=>0x0000019e0b188470 JavaThread "C2 CompilerThread0" daemon [_thread_in_native, id=12480, stack(0x000000716e300000,0x000000716e400000)]
  0x0000019e0b191c60 JavaThread "C1 CompilerThread0" daemon [_thread_blocked, id=18208, stack(0x000000716e400000,0x000000716e500000)]
  0x0000019e0b192650 JavaThread "Sweeper thread" daemon [_thread_blocked, id=22740, stack(0x000000716e500000,0x000000716e600000)]
  0x0000019e0b2d57b0 JavaThread "Notification Thread" daemon [_thread_blocked, id=20624, stack(0x000000716e600000,0x000000716e700000)]
  0x0000019e0b2de260 JavaThread "Common-Cleaner" daemon [_thread_blocked, id=3708, stack(0x000000716e800000,0x000000716e900000)]
  0x0000019e0b344480 JavaThread "Java2D Disposer" daemon [_thread_blocked, id=27784, stack(0x000000716e900000,0x000000716ea00000)]
  0x0000019e0b50b460 JavaThread "AWT-Shutdown" [_thread_blocked, id=9892, stack(0x000000716ea00000,0x000000716eb00000)]
  0x0000019e0b4fd450 JavaThread "AWT-Windows" daemon [_thread_in_native, id=7320, stack(0x000000716eb00000,0x000000716ec00000)]
  0x0000019e5185b020 JavaThread "AWT-EventQueue-0" [_thread_blocked, id=19984, stack(0x000000716ec00000,0x000000716ed00000)]
  0x0000019e6832d150 JavaThread "DestroyJavaVM" [_thread_blocked, id=3788, stack(0x000000716d600000,0x000000716d700000)]
  0x0000019e541930a0 JavaThread "TimerQueue" daemon [_thread_blocked, id=27516, stack(0x000000716fc00000,0x000000716fd00000)]
  0x0000019e54193570 JavaThread "mysql-cj-abandoned-connection-cleanup" daemon [_thread_blocked, id=644, stack(0x000000716ed00000,0x000000716ee00000)]
  0x0000019e0b46e730 JavaThread "C2 CompilerThread1" daemon [_thread_blocked, id=16484, stack(0x000000716fb00000,0x000000716fc00000)]

Other Threads:
  0x0000019e0b03adc0 VMThread "VM Thread" [stack: 0x000000716dc00000,0x000000716dd00000] [id=17496]
  0x0000019e683b7a90 WatcherThread [stack: 0x000000716e700000,0x000000716e800000] [id=23628]
  0x0000019e6839b930 GCTaskThread "GC Thread#0" [stack: 0x000000716d700000,0x000000716d800000] [id=22492]
  0x0000019e5396c340 GCTaskThread "GC Thread#1" [stack: 0x000000716ee00000,0x000000716ef00000] [id=6616]
  0x0000019e5396c600 GCTaskThread "GC Thread#2" [stack: 0x000000716ef00000,0x000000716f000000] [id=20052]
  0x0000019e519f0a80 GCTaskThread "GC Thread#3" [stack: 0x000000716f000000,0x000000716f100000] [id=19872]
  0x0000019e519f0d40 GCTaskThread "GC Thread#4" [stack: 0x000000716f100000,0x000000716f200000] [id=14800]
  0x0000019e519f1000 GCTaskThread "GC Thread#5" [stack: 0x000000716f200000,0x000000716f300000] [id=9136]
  0x0000019e51feebd0 GCTaskThread "GC Thread#6" [stack: 0x000000716f300000,0x000000716f400000] [id=11896]
  0x0000019e51fdd190 GCTaskThread "GC Thread#7" [stack: 0x000000716f400000,0x000000716f500000] [id=15288]
  0x0000019e683ac480 ConcurrentGCThread "G1 Main Marker" [stack: 0x000000716d800000,0x000000716d900000] [id=11172]
  0x0000019e683adb60 ConcurrentGCThread "G1 Conc#0" [stack: 0x000000716d900000,0x000000716da00000] [id=19304]
  0x0000019e683fea50 ConcurrentGCThread "G1 Refine#0" [stack: 0x000000716da00000,0x000000716db00000] [id=16744]
  0x0000019e52e8a700 ConcurrentGCThread "G1 Refine#1" [stack: 0x000000716f500000,0x000000716f600000] [id=11836]
  0x0000019e52e8afd0 ConcurrentGCThread "G1 Refine#2" [stack: 0x000000716f600000,0x000000716f700000] [id=8220]
  0x0000019e52e8b8a0 ConcurrentGCThread "G1 Refine#3" [stack: 0x000000716f700000,0x000000716f800000] [id=21100]
  0x0000019e0aeee530 ConcurrentGCThread "G1 Service" [stack: 0x000000716db00000,0x000000716dc00000] [id=15700]

Threads with active compile tasks:
C2 CompilerThread0    57011 3814       4       javax.swing.GroupLayout$ComponentSpring::getBaseline (61 bytes)

VM state: not at safepoint (normal execution)

VM Mutex/Monitor currently owned by a thread: None

Heap address: 0x0000000704000000, size: 4032 MB, Compressed Oops mode: Zero based, Oop shift amount: 3

CDS archive(s) mapped at: [0x0000019e0c000000-0x0000019e0cbd0000-0x0000019e0cbd0000), size 12386304, SharedBaseAddress: 0x0000019e0c000000, ArchiveRelocationMode: 1.
Compressed class space mapped at: 0x0000019e0d000000-0x0000019e4d000000, reserved size: 1073741824
Narrow klass base: 0x0000019e0c000000, Narrow klass shift: 0, Narrow klass range: 0x100000000

GC Precious Log:
 CPUs: 8 total, 8 available
 Memory: 16122M
 Large Page Support: Disabled
 NUMA Support: Disabled
 Compressed Oops: Enabled (Zero based)
 Heap Region Size: 2M
 Heap Min Capacity: 8M
 Heap Initial Capacity: 252M
 Heap Max Capacity: 4032M
 Pre-touch: Disabled
 Parallel Workers: 8
 Concurrent Workers: 2
 Concurrent Refinement Workers: 8
 Periodic GC: Disabled

Heap:
 garbage-first heap   total 258048K, used 62627K [0x0000000704000000, 0x0000000800000000)
  region size 2048K, 26 young (53248K), 1 survivors (2048K)
 Metaspace       used 18129K, committed 18368K, reserved 1114112K
  class space    used 1934K, committed 2048K, reserved 1048576K

Heap Regions: E=young(eden), S=young(survivor), O=old, HS=humongous(starts), HC=humongous(continues), CS=collection set, F=free, OA=open archive, CA=closed archive, TAMS=top-at-mark-start (previous, next)
|   0|0x0000000704000000, 0x0000000704200000, 0x0000000704200000|100%|HS|  |TAMS 0x0000000704000000, 0x0000000704000000| Complete 
|   1|0x0000000704200000, 0x0000000704400000, 0x0000000704400000|100%|HC|  |TAMS 0x0000000704200000, 0x0000000704200000| Complete 
|   2|0x0000000704400000, 0x0000000704600000, 0x0000000704600000|100%|HC|  |TAMS 0x0000000704400000, 0x0000000704400000| Complete 
|   3|0x0000000704600000, 0x0000000704800000, 0x0000000704800000|100%| O|  |TAMS 0x0000000704600000, 0x0000000704600000| Untracked 
|   4|0x0000000704800000, 0x0000000704a00000, 0x0000000704a00000|100%| O|  |TAMS 0x0000000704800000, 0x0000000704800000| Untracked 
|   5|0x0000000704a00000, 0x0000000704c00000, 0x0000000704c00000|100%| O|  |TAMS 0x0000000704a00000, 0x0000000704a00000| Untracked 
|   6|0x0000000704c00000, 0x0000000704c04200, 0x0000000704e00000|  0%| O|  |TAMS 0x0000000704c00000, 0x0000000704c00000| Untracked 
|   7|0x0000000704e00000, 0x0000000704e00000, 0x0000000705000000|  0%| F|  |TAMS 0x0000000704e00000, 0x0000000704e00000| Untracked 
|   8|0x0000000705000000, 0x0000000705000000, 0x0000000705200000|  0%| F|  |TAMS 0x0000000705000000, 0x0000000705000000| Untracked 
|   9|0x0000000705200000, 0x0000000705200000, 0x0000000705400000|  0%| F|  |TAMS 0x0000000705200000, 0x0000000705200000| Untracked 
|  10|0x0000000705400000, 0x0000000705400000, 0x0000000705600000|  0%| F|  |TAMS 0x0000000705400000, 0x0000000705400000| Untracked 
|  11|0x0000000705600000, 0x0000000705600000, 0x0000000705800000|  0%| F|  |TAMS 0x0000000705600000, 0x0000000705600000| Untracked 
|  12|0x0000000705800000, 0x0000000705800000, 0x0000000705a00000|  0%| F|  |TAMS 0x0000000705800000, 0x0000000705800000| Untracked 
|  13|0x0000000705a00000, 0x0000000705a00000, 0x0000000705c00000|  0%| F|  |TAMS 0x0000000705a00000, 0x0000000705a00000| Untracked 
|  14|0x0000000705c00000, 0x0000000705c00000, 0x0000000705e00000|  0%| F|  |TAMS 0x0000000705c00000, 0x0000000705c00000| Untracked 
|  15|0x0000000705e00000, 0x0000000705e00000, 0x0000000706000000|  0%| F|  |TAMS 0x0000000705e00000, 0x0000000705e00000| Untracked 
|  16|0x0000000706000000, 0x0000000706000000, 0x0000000706200000|  0%| F|  |TAMS 0x0000000706000000, 0x0000000706000000| Untracked 
|  17|0x0000000706200000, 0x0000000706200000, 0x0000000706400000|  0%| F|  |TAMS 0x0000000706200000, 0x0000000706200000| Untracked 
|  18|0x0000000706400000, 0x0000000706400000, 0x0000000706600000|  0%| F|  |TAMS 0x0000000706400000, 0x0000000706400000| Untracked 
|  19|0x0000000706600000, 0x0000000706600000, 0x0000000706800000|  0%| F|  |TAMS 0x0000000706600000, 0x0000000706600000| Untracked 
|  20|0x0000000706800000, 0x0000000706800000, 0x0000000706a00000|  0%| F|  |TAMS 0x0000000706800000, 0x0000000706800000| Untracked 
|  21|0x0000000706a00000, 0x0000000706a00000, 0x0000000706c00000|  0%| F|  |TAMS 0x0000000706a00000, 0x0000000706a00000| Untracked 
|  22|0x0000000706c00000, 0x0000000706c00000, 0x0000000706e00000|  0%| F|  |TAMS 0x0000000706c00000, 0x0000000706c00000| Untracked 
|  23|0x0000000706e00000, 0x0000000706e00000, 0x0000000707000000|  0%| F|  |TAMS 0x0000000706e00000, 0x0000000706e00000| Untracked 
|  24|0x0000000707000000, 0x0000000707000000, 0x0000000707200000|  0%| F|  |TAMS 0x0000000707000000, 0x0000000707000000| Untracked 
|  25|0x0000000707200000, 0x0000000707200000, 0x0000000707400000|  0%| F|  |TAMS 0x0000000707200000, 0x0000000707200000| Untracked 
|  26|0x0000000707400000, 0x0000000707400000, 0x0000000707600000|  0%| F|  |TAMS 0x0000000707400000, 0x0000000707400000| Untracked 
|  27|0x0000000707600000, 0x0000000707600000, 0x0000000707800000|  0%| F|  |TAMS 0x0000000707600000, 0x0000000707600000| Untracked 
|  28|0x0000000707800000, 0x0000000707800000, 0x0000000707a00000|  0%| F|  |TAMS 0x0000000707800000, 0x0000000707800000| Untracked 
|  29|0x0000000707a00000, 0x0000000707a00000, 0x0000000707c00000|  0%| F|  |TAMS 0x0000000707a00000, 0x0000000707a00000| Untracked 
|  30|0x0000000707c00000, 0x0000000707c00000, 0x0000000707e00000|  0%| F|  |TAMS 0x0000000707c00000, 0x0000000707c00000| Untracked 
|  31|0x0000000707e00000, 0x0000000707e00000, 0x0000000708000000|  0%| F|  |TAMS 0x0000000707e00000, 0x0000000707e00000| Untracked 
|  32|0x0000000708000000, 0x0000000708000000, 0x0000000708200000|  0%| F|  |TAMS 0x0000000708000000, 0x0000000708000000| Untracked 
|  33|0x0000000708200000, 0x0000000708200000, 0x0000000708400000|  0%| F|  |TAMS 0x0000000708200000, 0x0000000708200000| Untracked 
|  34|0x0000000708400000, 0x0000000708400000, 0x0000000708600000|  0%| F|  |TAMS 0x0000000708400000, 0x0000000708400000| Untracked 
|  35|0x0000000708600000, 0x0000000708600000, 0x0000000708800000|  0%| F|  |TAMS 0x0000000708600000, 0x0000000708600000| Untracked 
|  36|0x0000000708800000, 0x0000000708800000, 0x0000000708a00000|  0%| F|  |TAMS 0x0000000708800000, 0x0000000708800000| Untracked 
|  37|0x0000000708a00000, 0x0000000708a00000, 0x0000000708c00000|  0%| F|  |TAMS 0x0000000708a00000, 0x0000000708a00000| Untracked 
|  38|0x0000000708c00000, 0x0000000708c00000, 0x0000000708e00000|  0%| F|  |TAMS 0x0000000708c00000, 0x0000000708c00000| Untracked 
|  39|0x0000000708e00000, 0x0000000708e00000, 0x0000000709000000|  0%| F|  |TAMS 0x0000000708e00000, 0x0000000708e00000| Untracked 
|  40|0x0000000709000000, 0x0000000709000000, 0x0000000709200000|  0%| F|  |TAMS 0x0000000709000000, 0x0000000709000000| Untracked 
|  41|0x0000000709200000, 0x0000000709200000, 0x0000000709400000|  0%| F|  |TAMS 0x0000000709200000, 0x0000000709200000| Untracked 
|  42|0x0000000709400000, 0x0000000709400000, 0x0000000709600000|  0%| F|  |TAMS 0x0000000709400000, 0x0000000709400000| Untracked 
|  43|0x0000000709600000, 0x0000000709600000, 0x0000000709800000|  0%| F|  |TAMS 0x0000000709600000, 0x0000000709600000| Untracked 
|  44|0x0000000709800000, 0x0000000709800000, 0x0000000709a00000|  0%| F|  |TAMS 0x0000000709800000, 0x0000000709800000| Untracked 
|  45|0x0000000709a00000, 0x0000000709a00000, 0x0000000709c00000|  0%| F|  |TAMS 0x0000000709a00000, 0x0000000709a00000| Untracked 
|  46|0x0000000709c00000, 0x0000000709c00000, 0x0000000709e00000|  0%| F|  |TAMS 0x0000000709c00000, 0x0000000709c00000| Untracked 
|  47|0x0000000709e00000, 0x0000000709e00000, 0x000000070a000000|  0%| F|  |TAMS 0x0000000709e00000, 0x0000000709e00000| Untracked 
|  48|0x000000070a000000, 0x000000070a000000, 0x000000070a200000|  0%| F|  |TAMS 0x000000070a000000, 0x000000070a000000| Untracked 
|  49|0x000000070a200000, 0x000000070a200000, 0x000000070a400000|  0%| F|  |TAMS 0x000000070a200000, 0x000000070a200000| Untracked 
|  50|0x000000070a400000, 0x000000070a400000, 0x000000070a600000|  0%| F|  |TAMS 0x000000070a400000, 0x000000070a400000| Untracked 
|  51|0x000000070a600000, 0x000000070a600000, 0x000000070a800000|  0%| F|  |TAMS 0x000000070a600000, 0x000000070a600000| Untracked 
|  52|0x000000070a800000, 0x000000070a800000, 0x000000070aa00000|  0%| F|  |TAMS 0x000000070a800000, 0x000000070a800000| Untracked 
|  53|0x000000070aa00000, 0x000000070aa00000, 0x000000070ac00000|  0%| F|  |TAMS 0x000000070aa00000, 0x000000070aa00000| Untracked 
|  54|0x000000070ac00000, 0x000000070ac00000, 0x000000070ae00000|  0%| F|  |TAMS 0x000000070ac00000, 0x000000070ac00000| Untracked 
|  55|0x000000070ae00000, 0x000000070ae00000, 0x000000070b000000|  0%| F|  |TAMS 0x000000070ae00000, 0x000000070ae00000| Untracked 
|  56|0x000000070b000000, 0x000000070b000000, 0x000000070b200000|  0%| F|  |TAMS 0x000000070b000000, 0x000000070b000000| Untracked 
|  57|0x000000070b200000, 0x000000070b200000, 0x000000070b400000|  0%| F|  |TAMS 0x000000070b200000, 0x000000070b200000| Untracked 
|  58|0x000000070b400000, 0x000000070b400000, 0x000000070b600000|  0%| F|  |TAMS 0x000000070b400000, 0x000000070b400000| Untracked 
|  59|0x000000070b600000, 0x000000070b600000, 0x000000070b800000|  0%| F|  |TAMS 0x000000070b600000, 0x000000070b600000| Untracked 
|  60|0x000000070b800000, 0x000000070b800000, 0x000000070ba00000|  0%| F|  |TAMS 0x000000070b800000, 0x000000070b800000| Untracked 
|  61|0x000000070ba00000, 0x000000070ba00000, 0x000000070bc00000|  0%| F|  |TAMS 0x000000070ba00000, 0x000000070ba00000| Untracked 
|  62|0x000000070bc00000, 0x000000070bc00000, 0x000000070be00000|  0%| F|  |TAMS 0x000000070bc00000, 0x000000070bc00000| Untracked 
|  63|0x000000070be00000, 0x000000070be00000, 0x000000070c000000|  0%| F|  |TAMS 0x000000070be00000, 0x000000070be00000| Untracked 
|  64|0x000000070c000000, 0x000000070c000000, 0x000000070c200000|  0%| F|  |TAMS 0x000000070c000000, 0x000000070c000000| Untracked 
|  65|0x000000070c200000, 0x000000070c200000, 0x000000070c400000|  0%| F|  |TAMS 0x000000070c200000, 0x000000070c200000| Untracked 
|  66|0x000000070c400000, 0x000000070c400000, 0x000000070c600000|  0%| F|  |TAMS 0x000000070c400000, 0x000000070c400000| Untracked 
|  67|0x000000070c600000, 0x000000070c600000, 0x000000070c800000|  0%| F|  |TAMS 0x000000070c600000, 0x000000070c600000| Untracked 
|  68|0x000000070c800000, 0x000000070c800000, 0x000000070ca00000|  0%| F|  |TAMS 0x000000070c800000, 0x000000070c800000| Untracked 
|  69|0x000000070ca00000, 0x000000070ca00000, 0x000000070cc00000|  0%| F|  |TAMS 0x000000070ca00000, 0x000000070ca00000| Untracked 
|  70|0x000000070cc00000, 0x000000070cc00000, 0x000000070ce00000|  0%| F|  |TAMS 0x000000070cc00000, 0x000000070cc00000| Untracked 
|  71|0x000000070ce00000, 0x000000070ce00000, 0x000000070d000000|  0%| F|  |TAMS 0x000000070ce00000, 0x000000070ce00000| Untracked 
|  72|0x000000070d000000, 0x000000070d000000, 0x000000070d200000|  0%| F|  |TAMS 0x000000070d000000, 0x000000070d000000| Untracked 
|  73|0x000000070d200000, 0x000000070d200000, 0x000000070d400000|  0%| F|  |TAMS 0x000000070d200000, 0x000000070d200000| Untracked 
|  74|0x000000070d400000, 0x000000070d400000, 0x000000070d600000|  0%| F|  |TAMS 0x000000070d400000, 0x000000070d400000| Untracked 
|  75|0x000000070d600000, 0x000000070d600000, 0x000000070d800000|  0%| F|  |TAMS 0x000000070d600000, 0x000000070d600000| Untracked 
|  76|0x000000070d800000, 0x000000070d800000, 0x000000070da00000|  0%| F|  |TAMS 0x000000070d800000, 0x000000070d800000| Untracked 
|  77|0x000000070da00000, 0x000000070da00000, 0x000000070dc00000|  0%| F|  |TAMS 0x000000070da00000, 0x000000070da00000| Untracked 
|  78|0x000000070dc00000, 0x000000070dc00000, 0x000000070de00000|  0%| F|  |TAMS 0x000000070dc00000, 0x000000070dc00000| Untracked 
|  79|0x000000070de00000, 0x000000070de00000, 0x000000070e000000|  0%| F|  |TAMS 0x000000070de00000, 0x000000070de00000| Untracked 
|  80|0x000000070e000000, 0x000000070e000000, 0x000000070e200000|  0%| F|  |TAMS 0x000000070e000000, 0x000000070e000000| Untracked 
|  81|0x000000070e200000, 0x000000070e200000, 0x000000070e400000|  0%| F|  |TAMS 0x000000070e200000, 0x000000070e200000| Untracked 
|  82|0x000000070e400000, 0x000000070e400000, 0x000000070e600000|  0%| F|  |TAMS 0x000000070e400000, 0x000000070e400000| Untracked 
|  83|0x000000070e600000, 0x000000070e600000, 0x000000070e800000|  0%| F|  |TAMS 0x000000070e600000, 0x000000070e600000| Untracked 
|  84|0x000000070e800000, 0x000000070e800000, 0x000000070ea00000|  0%| F|  |TAMS 0x000000070e800000, 0x000000070e800000| Untracked 
|  85|0x000000070ea00000, 0x000000070ea00000, 0x000000070ec00000|  0%| F|  |TAMS 0x000000070ea00000, 0x000000070ea00000| Untracked 
|  86|0x000000070ec00000, 0x000000070ec00000, 0x000000070ee00000|  0%| F|  |TAMS 0x000000070ec00000, 0x000000070ec00000| Untracked 
|  87|0x000000070ee00000, 0x000000070ee00000, 0x000000070f000000|  0%| F|  |TAMS 0x000000070ee00000, 0x000000070ee00000| Untracked 
|  88|0x000000070f000000, 0x000000070f000000, 0x000000070f200000|  0%| F|  |TAMS 0x000000070f000000, 0x000000070f000000| Untracked 
|  89|0x000000070f200000, 0x000000070f200000, 0x000000070f400000|  0%| F|  |TAMS 0x000000070f200000, 0x000000070f200000| Untracked 
|  90|0x000000070f400000, 0x000000070f400000, 0x000000070f600000|  0%| F|  |TAMS 0x000000070f400000, 0x000000070f400000| Untracked 
|  91|0x000000070f600000, 0x000000070f600000, 0x000000070f800000|  0%| F|  |TAMS 0x000000070f600000, 0x000000070f600000| Untracked 
|  92|0x000000070f800000, 0x000000070f800000, 0x000000070fa00000|  0%| F|  |TAMS 0x000000070f800000, 0x000000070f800000| Untracked 
|  93|0x000000070fa00000, 0x000000070fa00000, 0x000000070fc00000|  0%| F|  |TAMS 0x000000070fa00000, 0x000000070fa00000| Untracked 
|  94|0x000000070fc00000, 0x000000070fc00000, 0x000000070fe00000|  0%| F|  |TAMS 0x000000070fc00000, 0x000000070fc00000| Untracked 
|  95|0x000000070fe00000, 0x000000070fe00000, 0x0000000710000000|  0%| F|  |TAMS 0x000000070fe00000, 0x000000070fe00000| Untracked 
|  96|0x0000000710000000, 0x0000000710000000, 0x0000000710200000|  0%| F|  |TAMS 0x0000000710000000, 0x0000000710000000| Untracked 
|  97|0x0000000710200000, 0x0000000710200000, 0x0000000710400000|  0%| F|  |TAMS 0x0000000710200000, 0x0000000710200000| Untracked 
|  98|0x0000000710400000, 0x0000000710400000, 0x0000000710600000|  0%| F|  |TAMS 0x0000000710400000, 0x0000000710400000| Untracked 
|  99|0x0000000710600000, 0x0000000710600000, 0x0000000710800000|  0%| F|  |TAMS 0x0000000710600000, 0x0000000710600000| Untracked 
| 100|0x0000000710800000, 0x00000007109cf1c0, 0x0000000710a00000| 90%| E|  |TAMS 0x0000000710800000, 0x0000000710800000| Complete 
| 101|0x0000000710a00000, 0x0000000710c00000, 0x0000000710c00000|100%| E|CS|TAMS 0x0000000710a00000, 0x0000000710a00000| Complete 
| 102|0x0000000710c00000, 0x0000000710e00000, 0x0000000710e00000|100%| E|CS|TAMS 0x0000000710c00000, 0x0000000710c00000| Complete 
| 103|0x0000000710e00000, 0x0000000711000000, 0x0000000711000000|100%| E|CS|TAMS 0x0000000710e00000, 0x0000000710e00000| Complete 
| 104|0x0000000711000000, 0x0000000711200000, 0x0000000711200000|100%| E|CS|TAMS 0x0000000711000000, 0x0000000711000000| Complete 
| 105|0x0000000711200000, 0x0000000711400000, 0x0000000711400000|100%| E|CS|TAMS 0x0000000711200000, 0x0000000711200000| Complete 
| 106|0x0000000711400000, 0x0000000711600000, 0x0000000711600000|100%| E|CS|TAMS 0x0000000711400000, 0x0000000711400000| Complete 
| 107|0x0000000711600000, 0x0000000711800000, 0x0000000711800000|100%| E|CS|TAMS 0x0000000711600000, 0x0000000711600000| Complete 
| 108|0x0000000711800000, 0x0000000711a00000, 0x0000000711a00000|100%| E|CS|TAMS 0x0000000711800000, 0x0000000711800000| Complete 
| 109|0x0000000711a00000, 0x0000000711c00000, 0x0000000711c00000|100%| E|CS|TAMS 0x0000000711a00000, 0x0000000711a00000| Complete 
| 110|0x0000000711c00000, 0x0000000711e00000, 0x0000000711e00000|100%| E|CS|TAMS 0x0000000711c00000, 0x0000000711c00000| Complete 
| 111|0x0000000711e00000, 0x0000000712000000, 0x0000000712000000|100%| E|CS|TAMS 0x0000000711e00000, 0x0000000711e00000| Complete 
| 112|0x0000000712000000, 0x0000000712200000, 0x0000000712200000|100%| E|CS|TAMS 0x0000000712000000, 0x0000000712000000| Complete 
| 113|0x0000000712200000, 0x0000000712400000, 0x0000000712400000|100%| E|CS|TAMS 0x0000000712200000, 0x0000000712200000| Complete 
| 114|0x0000000712400000, 0x0000000712600000, 0x0000000712600000|100%| E|CS|TAMS 0x0000000712400000, 0x0000000712400000| Complete 
| 115|0x0000000712600000, 0x0000000712800000, 0x0000000712800000|100%| E|CS|TAMS 0x0000000712600000, 0x0000000712600000| Complete 
| 116|0x0000000712800000, 0x0000000712a00000, 0x0000000712a00000|100%| E|CS|TAMS 0x0000000712800000, 0x0000000712800000| Complete 
| 117|0x0000000712a00000, 0x0000000712c00000, 0x0000000712c00000|100%| E|CS|TAMS 0x0000000712a00000, 0x0000000712a00000| Complete 
| 118|0x0000000712c00000, 0x0000000712d24d30, 0x0000000712e00000| 57%| S|CS|TAMS 0x0000000712c00000, 0x0000000712c00000| Complete 
| 119|0x0000000712e00000, 0x0000000713000000, 0x0000000713000000|100%| E|CS|TAMS 0x0000000712e00000, 0x0000000712e00000| Complete 
| 120|0x0000000713000000, 0x0000000713200000, 0x0000000713200000|100%| E|CS|TAMS 0x0000000713000000, 0x0000000713000000| Complete 
| 121|0x0000000713200000, 0x0000000713400000, 0x0000000713400000|100%| E|CS|TAMS 0x0000000713200000, 0x0000000713200000| Complete 
| 122|0x0000000713400000, 0x0000000713600000, 0x0000000713600000|100%| E|CS|TAMS 0x0000000713400000, 0x0000000713400000| Complete 
| 123|0x0000000713600000, 0x0000000713800000, 0x0000000713800000|100%| E|CS|TAMS 0x0000000713600000, 0x0000000713600000| Complete 
| 124|0x0000000713800000, 0x0000000713a00000, 0x0000000713a00000|100%| E|CS|TAMS 0x0000000713800000, 0x0000000713800000| Complete 
| 125|0x0000000713a00000, 0x0000000713c00000, 0x0000000713c00000|100%| E|CS|TAMS 0x0000000713a00000, 0x0000000713a00000| Complete 

Card table byte_map: [0x0000019e7f760000,0x0000019e7ff40000] _byte_map_base: 0x0000019e7bf40000

Marking Bits (Prev, Next): (CMBitMap*) 0x0000019e6839bf50, (CMBitMap*) 0x0000019e6839bf90
 Prev Bits: [0x0000019e007e0000, 0x0000019e046e0000)
 Next Bits: [0x0000019e046e0000, 0x0000019e085e0000)

Polling page: 0x0000019e66240000

Metaspace:

Usage:
  Non-class:     15.82 MB used.
      Class:      1.89 MB used.
       Both:     17.70 MB used.

Virtual space:
  Non-class space:       64.00 MB reserved,      15.94 MB ( 25%) committed,  1 nodes.
      Class space:        1.00 GB reserved,       2.00 MB ( <1%) committed,  1 nodes.
             Both:        1.06 GB reserved,      17.94 MB (  2%) committed. 

Chunk freelists:
   Non-Class:  15.75 MB
       Class:  13.94 MB
        Both:  29.69 MB

MaxMetaspaceSize: unlimited
CompressedClassSpaceSize: 1.00 GB
Initial GC threshold: 21.00 MB
Current GC threshold: 21.00 MB
CDS: on
MetaspaceReclaimPolicy: balanced
 - commit_granule_bytes: 65536.
 - commit_granule_words: 8192.
 - virtual_space_node_default_size: 8388608.
 - enlarge_chunks_in_place: 1.
 - new_chunks_are_fully_committed: 0.
 - uncommit_free_chunks: 1.
 - use_allocation_guard: 0.
 - handle_deallocations: 1.


Internal statistics:

num_allocs_failed_limit: 0.
num_arena_births: 220.
num_arena_deaths: 0.
num_vsnodes_births: 2.
num_vsnodes_deaths: 0.
num_space_committed: 287.
num_space_uncommitted: 0.
num_chunks_returned_to_freelist: 0.
num_chunks_taken_from_freelist: 437.
num_chunk_merges: 0.
num_chunk_splits: 263.
num_chunks_enlarged: 142.
num_inconsistent_stats: 0.

CodeHeap 'non-profiled nmethods': size=120000Kb used=2304Kb max_used=2304Kb free=117695Kb
 bounds [0x0000019e77720000, 0x0000019e77990000, 0x0000019e7ec50000]
CodeHeap 'profiled nmethods': size=120000Kb used=7968Kb max_used=7968Kb free=112031Kb
 bounds [0x0000019e6fc50000, 0x0000019e70420000, 0x0000019e77180000]
CodeHeap 'non-nmethods': size=5760Kb used=1398Kb max_used=1419Kb free=4361Kb
 bounds [0x0000019e77180000, 0x0000019e773f0000, 0x0000019e77720000]
 total_blobs=4557 nmethods=3818 adapters=650
 compilation: enabled
              stopped_count=0, restarted_count=0
 full_count=0

Compilation events (20 events):
Event: 55.904 Thread 0x0000019e0b46e730 nmethod 3809 0x0000019e7795f190 code [0x0000019e7795f300, 0x0000019e7795f358]
Event: 55.911 Thread 0x0000019e0b191c60 3810       3       javax.swing.text.View::getMaximumSpan (19 bytes)
Event: 55.911 Thread 0x0000019e0b46e730 3811       4       javax.swing.GroupLayout$ComponentInfo::isLinked (49 bytes)
Event: 55.911 Thread 0x0000019e0b191c60 nmethod 3810 0x0000019e70415f10 code [0x0000019e704160e0, 0x0000019e704163f8]
Event: 55.911 Thread 0x0000019e0b191c60 3812   !   3       javax.swing.plaf.synth.SynthGraphicsUtils$SynthIconWrapper::get (69 bytes)
Event: 55.911 Thread 0x0000019e0b188470 3814       4       javax.swing.GroupLayout$ComponentSpring::getBaseline (61 bytes)
Event: 55.912 Thread 0x0000019e0b191c60 nmethod 3812 0x0000019e70416510 code [0x0000019e70416720, 0x0000019e70416fa8]
Event: 55.912 Thread 0x0000019e0b191c60 3813   !   3       javax.swing.plaf.synth.SynthGraphicsUtils$SynthIconWrapper::release (33 bytes)
Event: 55.912 Thread 0x0000019e0b46e730 nmethod 3811 0x0000019e7795f490 code [0x0000019e7795f600, 0x0000019e7795f6b8]
Event: 55.912 Thread 0x0000019e0b46e730 3815       4       javax.swing.GroupLayout$AutoPreferredGapSpring::calculatePreferredSize (34 bytes)
Event: 55.912 Thread 0x0000019e0b191c60 nmethod 3813 0x0000019e70417210 code [0x0000019e70417400, 0x0000019e70417b08]
Event: 55.912 Thread 0x0000019e0b46e730 nmethod 3815 0x0000019e7795f790 code [0x0000019e7795f900, 0x0000019e7795f9b8]
Event: 55.913 Thread 0x0000019e0b46e730 3816       4       java.lang.ref.Reference::refersTo (6 bytes)
Event: 55.913 Thread 0x0000019e0b46e730 nmethod 3816 0x0000019e7795fa90 code [0x0000019e7795fc00, 0x0000019e7795fc98]
Event: 55.913 Thread 0x0000019e0b46e730 3817       4       java.lang.ref.Reference::refersToImpl (6 bytes)
Event: 55.914 Thread 0x0000019e0b46e730 nmethod 3817 0x0000019e7795fd90 code [0x0000019e7795ff00, 0x0000019e7795ff98]
Event: 55.917 Thread 0x0000019e0b191c60 3818       3       javax.swing.text.JTextComponent::getUI (8 bytes)
Event: 55.917 Thread 0x0000019e0b191c60 nmethod 3818 0x0000019e70417e10 code [0x0000019e70417fa0, 0x0000019e704181b8]
Event: 55.917 Thread 0x0000019e0b191c60 3819       1       javax.swing.text.DefaultCaret::setMagicCaretPosition (6 bytes)
Event: 55.917 Thread 0x0000019e0b191c60 nmethod 3819 0x0000019e77960090 code [0x0000019e77960220, 0x0000019e77960338]

GC Heap History (4 events):
Event: 13.191 GC heap before
{Heap before GC invocations=0 (full 0):
 garbage-first heap   total 258048K, used 28672K [0x0000000704000000, 0x0000000800000000)
  region size 2048K, 11 young (22528K), 0 survivors (0K)
 Metaspace       used 12587K, committed 12864K, reserved 1114112K
  class space    used 1391K, committed 1536K, reserved 1048576K
}
Event: 13.195 GC heap after
{Heap after GC invocations=1 (full 0):
 garbage-first heap   total 258048K, used 12246K [0x0000000704000000, 0x0000000800000000)
  region size 2048K, 2 young (4096K), 2 survivors (4096K)
 Metaspace       used 12587K, committed 12864K, reserved 1114112K
  class space    used 1391K, committed 1536K, reserved 1048576K
}
Event: 29.060 GC heap before
{Heap before GC invocations=1 (full 0):
 garbage-first heap   total 258048K, used 26582K [0x0000000704000000, 0x0000000800000000)
  region size 2048K, 9 young (18432K), 2 survivors (4096K)
 Metaspace       used 14144K, committed 14272K, reserved 1114112K
  class space    used 1529K, committed 1600K, reserved 1048576K
}
Event: 29.064 GC heap after
{Heap after GC invocations=2 (full 0):
 garbage-first heap   total 258048K, used 13475K [0x0000000704000000, 0x0000000800000000)
  region size 2048K, 1 young (2048K), 1 survivors (2048K)
 Metaspace       used 14144K, committed 14272K, reserved 1114112K
  class space    used 1529K, committed 1600K, reserved 1048576K
}

Deoptimization events (20 events):
Event: 55.799 Thread 0x0000019e5185b020 Uncommon trap: trap_request=0xffffffde fr.pc=0x0000019e77950cb4 relative=0x0000000000000114
Event: 55.799 Thread 0x0000019e5185b020 Uncommon trap: reason=class_check action=maybe_recompile pc=0x0000019e77950cb4 method=jdk.internal.misc.Unsafe.allocateUninitializedArray(Ljava/lang/Class;I)Ljava/lang/Object; @ 51 c2
Event: 55.799 Thread 0x0000019e5185b020 DEOPT PACKING pc=0x0000019e77950cb4 sp=0x000000716ecfc910
Event: 55.799 Thread 0x0000019e5185b020 DEOPT UNPACKING pc=0x0000019e771d5ba3 sp=0x000000716ecfc898 mode 2
Event: 55.828 Thread 0x0000019e5185b020 DEOPT PACKING pc=0x0000019e703869e5 sp=0x000000716ecf91a0
Event: 55.828 Thread 0x0000019e5185b020 DEOPT UNPACKING pc=0x0000019e771d66e3 sp=0x000000716ecf85f0 mode 0
Event: 55.832 Thread 0x0000019e5185b020 DEOPT PACKING pc=0x0000019e70384cd6 sp=0x000000716ecfb7a0
Event: 55.832 Thread 0x0000019e5185b020 DEOPT UNPACKING pc=0x0000019e771d66e3 sp=0x000000716ecfac40 mode 0
Event: 55.860 Thread 0x0000019e5185b020 Uncommon trap: trap_request=0xffffffde fr.pc=0x0000019e7776c0b8 relative=0x0000000000000a18
Event: 55.860 Thread 0x0000019e5185b020 Uncommon trap: reason=class_check action=maybe_recompile pc=0x0000019e7776c0b8 method=java.util.HashMap.putVal(ILjava/lang/Object;Ljava/lang/Object;ZZ)Ljava/lang/Object; @ 203 c2
Event: 55.860 Thread 0x0000019e5185b020 DEOPT PACKING pc=0x0000019e7776c0b8 sp=0x000000716ecfd110
Event: 55.860 Thread 0x0000019e5185b020 DEOPT UNPACKING pc=0x0000019e771d5ba3 sp=0x000000716ecfd0b0 mode 2
Event: 55.898 Thread 0x0000019e5185b020 Uncommon trap: trap_request=0xffffffcc fr.pc=0x0000019e7795cc68 relative=0x0000000000000348
Event: 55.898 Thread 0x0000019e5185b020 Uncommon trap: reason=intrinsic_or_type_checked_inlining action=make_not_entrant pc=0x0000019e7795cc68 method=java.util.Arrays.copyOf([Ljava/lang/Object;ILjava/lang/Class;)[Ljava/lang/Object; @ 35 c2
Event: 55.898 Thread 0x0000019e5185b020 DEOPT PACKING pc=0x0000019e7795cc68 sp=0x000000716ecfd8c0
Event: 55.898 Thread 0x0000019e5185b020 DEOPT UNPACKING pc=0x0000019e771d5ba3 sp=0x000000716ecfd850 mode 2
Event: 55.911 Thread 0x0000019e5185b020 Uncommon trap: trap_request=0xffffffc6 fr.pc=0x0000019e7782e080 relative=0x0000000000004920
Event: 55.911 Thread 0x0000019e5185b020 Uncommon trap: reason=bimorphic_or_optimized_type_check action=maybe_recompile pc=0x0000019e7782e080 method=javax.swing.GroupLayout$ComponentSpring.getBaseline()I @ 50 c2
Event: 55.911 Thread 0x0000019e5185b020 DEOPT PACKING pc=0x0000019e7782e080 sp=0x000000716ecfc290
Event: 55.911 Thread 0x0000019e5185b020 DEOPT UNPACKING pc=0x0000019e771d5ba3 sp=0x000000716ecfc298 mode 2

Classes unloaded (0 events):
No events

Classes redefined (0 events):
No events

Internal exceptions (20 events):
Event: 0.317 Thread 0x0000019e5185b020 Exception <a 'java/lang/NoSuchMethodError'{0x00000007134df6c0}: 'void java.lang.invoke.DirectMethodHandle$Holder.invokeStaticInit(java.lang.Object)'> (0x00000007134df6c0) 
thrown [s\open\src\hotspot\share\interpreter\linkResolver.cpp, line 759]
Event: 0.340 Thread 0x0000019e5185b020 Exception <a 'java/io/FileNotFoundException'{0x00000007133f7c30}> (0x00000007133f7c30) 
thrown [s\open\src\hotspot\share\prims\jni.cpp, line 516]
Event: 0.349 Thread 0x0000019e5185b020 Exception <a 'java/io/FileNotFoundException'{0x00000007130189f8}> (0x00000007130189f8) 
thrown [s\open\src\hotspot\share\prims\jni.cpp, line 516]
Event: 7.169 Thread 0x0000019e5185b020 Implicit null exception at 0x0000019e7779055a to 0x0000019e77790b08
Event: 7.169 Thread 0x0000019e5185b020 Implicit null exception at 0x0000019e7779055a to 0x0000019e77790b08
Event: 7.169 Thread 0x0000019e5185b020 Implicit null exception at 0x0000019e7778cab2 to 0x0000019e7778d14c
Event: 7.169 Thread 0x0000019e5185b020 Implicit null exception at 0x0000019e7779055a to 0x0000019e77790b08
Event: 7.169 Thread 0x0000019e5185b020 Implicit null exception at 0x0000019e7778cab2 to 0x0000019e7778d14c
Event: 7.616 Thread 0x0000019e5185b020 Implicit null exception at 0x0000019e77773d30 to 0x0000019e77773d8d
Event: 7.688 Thread 0x0000019e5185b020 Exception <a 'java/lang/NoSuchMethodError'{0x0000000712c63ef8}: 'int java.lang.invoke.DirectMethodHandle$Holder.invokeStatic(java.lang.Object)'> (0x0000000712c63ef8) 
thrown [s\open\src\hotspot\share\interpreter\linkResolver.cpp, line 759]
Event: 13.758 Thread 0x0000019e5185b020 Implicit null exception at 0x0000019e777d5635 to 0x0000019e777d66e4
Event: 18.000 Thread 0x0000019e5185b020 Implicit null exception at 0x0000019e77816fdb to 0x0000019e7781726c
Event: 55.754 Thread 0x0000019e5185b020 Exception <a 'java/lang/NoSuchMethodError'{0x00000007110f3cb0}: 'java.lang.Object java.lang.invoke.DirectMethodHandle$Holder.invokeInterface(java.lang.Object, java.lang.Object)'> (0x00000007110f3cb0) 
thrown [s\open\src\hotspot\share\interpreter\linkResolver.cpp, line 759]
Event: 55.763 Thread 0x0000019e5185b020 Exception <a 'java/lang/NoSuchMethodError'{0x0000000711171660}: 'void java.lang.invoke.DirectMethodHandle$Holder.invokeStatic(java.lang.Object, java.lang.Object, java.lang.Object)'> (0x0000000711171660) 
thrown [s\open\src\hotspot\share\interpreter\linkResolver.cpp, line 759]
Event: 55.764 Thread 0x0000019e5185b020 Exception <a 'java/lang/NoSuchMethodError'{0x000000071117bb98}: 'java.lang.Object java.lang.invoke.DirectMethodHandle$Holder.invokeVirtual(java.lang.Object, java.lang.Object, java.lang.Object)'> (0x000000071117bb98) 
thrown [s\open\src\hotspot\share\interpreter\linkResolver.cpp, line 759]
Event: 55.819 Thread 0x0000019e5185b020 Exception <a 'java/lang/NoSuchMethodError'{0x0000000710c87d58}: 'void java.lang.invoke.DirectMethodHandle$Holder.invokeStatic(java.lang.Object, java.lang.Object)'> (0x0000000710c87d58) 
thrown [s\open\src\hotspot\share\interpreter\linkResolver.cpp, line 759]
Event: 55.887 Thread 0x0000019e5185b020 Exception <a 'java/lang/NoSuchMethodError'{0x000000071082e638}: 'java.lang.Object java.lang.invoke.DirectMethodHandle$Holder.invokeSpecial(java.lang.Object, java.lang.Object, long, java.lang.Object, java.lang.Object, java.lang.Object, java.lang.Object, java.lang.Object, java.lang.Object, java.lang.Object, java.lang.Object, java.lang.Object, java.lang.Object, java.lang.Object)'> (0x000000071082e638) 
thrown [s\open\src\hotspot\share\interpreter\linkResolver.cpp, line 759]
Event: 55.887 Thread 0x0000019e5185b020 Exception <a 'java/lang/NoSuchMethodError'{0x0000000710833130}: 'java.lang.Object java.lang.invoke.DelegatingMethodHandle$Holder.reinvoke_L(java.lang.Object, long, java.lang.Object, java.lang.Object, java.lang.Object, java.lang.Object, java.lang.Object, java.lang.Object, java.lang.Object, java.lang.Object, java.lang.Object, java.lang.Object, java.lang.Object)'> (0x0000000710833130) 
thrown [s\open\src\hotspot\share\interpreter\linkResolver.cpp, line 759]
Event: 55.890 Thread 0x0000019e5185b020 Exception <a 'java/lang/NoSuchMethodError'{0x000000071087c518}: 'java.lang.Object java.lang.invoke.DirectMethodHandle$Holder.invokeSpecial(java.lang.Object, java.lang.Object, java.lang.Object, java.lang.Object, java.lang.Object, java.lang.Object, java.lang.Object, java.lang.Object, java.lang.Object, java.lang.Object, java.lang.Object, java.lang.Object, java.lang.Object)'> (0x000000071087c518) 
thrown [s\open\src\hotspot\share\interpreter\linkResolver.cpp, line 759]
Event: 55.890 Thread 0x0000019e5185b020 Exception <a 'java/lang/NoSuchMethodError'{0x0000000710880ff0}: 'java.lang.Object java.lang.invoke.Invokers$Holder.linkToTargetMethod(java.lang.Object, java.lang.Object, java.lang.Object, java.lang.Object, java.lang.Object, java.lang.Object, java.lang.Object, java.lang.Object, java.lang.Object, java.lang.Object, java.lang.Object, java.lang.Object)'> (0x0000000710880ff0) 
thrown [s\open\src\hotspot\share\interpreter\linkResolver.cpp, line 759]

VM Operations (20 events):
Event: 50.225 Executing VM operation: Cleanup
Event: 50.225 Executing VM operation: Cleanup done
Event: 51.230 Executing VM operation: Cleanup
Event: 51.230 Executing VM operation: Cleanup done
Event: 52.241 Executing VM operation: Cleanup
Event: 52.241 Executing VM operation: Cleanup done
Event: 53.242 Executing VM operation: Cleanup
Event: 53.242 Executing VM operation: Cleanup done
Event: 54.247 Executing VM operation: Cleanup
Event: 54.247 Executing VM operation: Cleanup done
Event: 55.252 Executing VM operation: Cleanup
Event: 55.252 Executing VM operation: Cleanup done
Event: 55.743 Executing VM operation: HandshakeAllThreads
Event: 55.743 Executing VM operation: HandshakeAllThreads done
Event: 55.809 Executing VM operation: HandshakeAllThreads
Event: 55.809 Executing VM operation: HandshakeAllThreads done
Event: 55.867 Executing VM operation: HandshakeAllThreads
Event: 55.867 Executing VM operation: HandshakeAllThreads done
Event: 56.863 Executing VM operation: Cleanup
Event: 56.863 Executing VM operation: Cleanup done

Events (20 events):
Event: 55.865 loading class javax/security/auth/login/LoginException
Event: 55.866 loading class javax/security/auth/login/LoginException done
Event: 55.866 loading class javax/security/sasl/SaslException
Event: 55.866 loading class javax/security/sasl/SaslException done
Event: 55.866 loading class javax/security/auth/login/Configuration
Event: 55.866 loading class javax/security/auth/login/Configuration done
Event: 55.866 loading class java/security/Provider
Event: 55.866 loading class java/security/Provider done
Event: 55.867 loading class javax/security/auth/callback/UnsupportedCallbackException
Event: 55.867 loading class javax/security/auth/callback/UnsupportedCallbackException done
Event: 55.867 loading class javax/security/auth/callback/CallbackHandler
Event: 55.867 loading class javax/security/auth/callback/CallbackHandler done
Event: 55.867 loading class javax/security/auth/callback/Callback
Event: 55.867 loading class javax/security/auth/callback/Callback done
Event: 55.867 loading class sun/invoke/util/VerifyAccess$1
Event: 55.867 loading class sun/invoke/util/VerifyAccess$1 done
Event: 55.882 loading class java/util/TimerTask
Event: 55.882 loading class java/util/TimerTask done
Event: 55.893 loading class java/util/NoSuchElementException
Event: 55.893 loading class java/util/NoSuchElementException done


Dynamic libraries:
0x00007ff7dd8a0000 - 0x00007ff7dd8b0000 	C:\Program Files\Java\jdk-17\bin\java.exe
0x00007ff8e2200000 - 0x00007ff8e2467000 	C:\WINDOWS\SYSTEM32\ntdll.dll
0x00007ff8e0b00000 - 0x00007ff8e0bc9000 	C:\WINDOWS\System32\KERNEL32.DLL
0x00007ff8df820000 - 0x00007ff8dfc0f000 	C:\WINDOWS\System32\KERNELBASE.dll
0x00007ff8dfe50000 - 0x00007ff8dff9b000 	C:\WINDOWS\System32\ucrtbase.dll
0x00007ff8bd860000 - 0x00007ff8bd87b000 	C:\Program Files\Java\jdk-17\bin\VCRUNTIME140.dll
0x00007ff8d70f0000 - 0x00007ff8d7109000 	C:\Program Files\Java\jdk-17\bin\jli.dll
0x00007ff8e0db0000 - 0x00007ff8e0e64000 	C:\WINDOWS\System32\ADVAPI32.dll
0x00007ff8e0530000 - 0x00007ff8e05d9000 	C:\WINDOWS\System32\msvcrt.dll
0x00007ff8e20e0000 - 0x00007ff8e2186000 	C:\WINDOWS\System32\sechost.dll
0x00007ff8e0ff0000 - 0x00007ff8e1108000 	C:\WINDOWS\System32\RPCRT4.dll
0x00007ff8e0be0000 - 0x00007ff8e0da5000 	C:\WINDOWS\System32\USER32.dll
0x00007ff8df400000 - 0x00007ff8df427000 	C:\WINDOWS\System32\win32u.dll
0x00007ff8e0740000 - 0x00007ff8e076b000 	C:\WINDOWS\System32\GDI32.dll
0x00007ff8c0140000 - 0x00007ff8c03d3000 	C:\WINDOWS\WinSxS\amd64_microsoft.windows.common-controls_6595b64144ccf1df_6.0.26100.7309_none_3e05feeae336a044\COMCTL32.dll
0x00007ff8df4e0000 - 0x00007ff8df60c000 	C:\WINDOWS\System32\gdi32full.dll
0x00007ff8df350000 - 0x00007ff8df3f3000 	C:\WINDOWS\System32\msvcp_win.dll
0x00007ff8d42b0000 - 0x00007ff8d42bb000 	C:\WINDOWS\SYSTEM32\VERSION.dll
0x00007ff8e0140000 - 0x00007ff8e0171000 	C:\WINDOWS\System32\IMM32.DLL
0x00007ff8d7a60000 - 0x00007ff8d7a6c000 	C:\Program Files\Java\jdk-17\bin\vcruntime140_1.dll
0x00007ff8a1a30000 - 0x00007ff8a1abe000 	C:\Program Files\Java\jdk-17\bin\msvcp140.dll
0x00007ff813300000 - 0x00007ff813ee0000 	C:\Program Files\Java\jdk-17\bin\server\jvm.dll
0x00007ff8e1f60000 - 0x00007ff8e1f68000 	C:\WINDOWS\System32\PSAPI.DLL
0x00007ff8cd4f0000 - 0x00007ff8cd4fa000 	C:\WINDOWS\SYSTEM32\WSOCK32.dll
0x00007ff8e0f70000 - 0x00007ff8e0fe4000 	C:\WINDOWS\System32\WS2_32.dll
0x00007ff8d7490000 - 0x00007ff8d74c5000 	C:\WINDOWS\SYSTEM32\WINMM.dll
0x00007ff8de100000 - 0x00007ff8de11b000 	C:\WINDOWS\SYSTEM32\kernel.appcore.dll
0x00007ff8c5620000 - 0x00007ff8c562a000 	C:\Program Files\Java\jdk-17\bin\jimage.dll
0x00007ff8dc8b0000 - 0x00007ff8dcaf2000 	C:\WINDOWS\SYSTEM32\DBGHELP.DLL
0x00007ff8e0770000 - 0x00007ff8e0af5000 	C:\WINDOWS\System32\combase.dll
0x00007ff8e0450000 - 0x00007ff8e0526000 	C:\WINDOWS\System32\OLEAUT32.dll
0x00007ff8d7450000 - 0x00007ff8d748c000 	C:\WINDOWS\SYSTEM32\dbgcore.DLL
0x00007ff8df430000 - 0x00007ff8df4d5000 	C:\WINDOWS\System32\bcryptPrimitives.dll
0x00007ff8bbbd0000 - 0x00007ff8bbbf5000 	C:\Program Files\Java\jdk-17\bin\java.dll
0x00007ff8b1180000 - 0x00007ff8b1257000 	C:\Program Files\Java\jdk-17\bin\jsvml.dll
0x00007ff8e1210000 - 0x00007ff8e1963000 	C:\WINDOWS\System32\SHELL32.dll
0x00007ff8dfc20000 - 0x00007ff8dfd8a000 	C:\WINDOWS\System32\wintypes.dll
0x00007ff8dcf70000 - 0x00007ff8dd7ce000 	C:\WINDOWS\SYSTEM32\windows.storage.dll
0x00007ff8e1110000 - 0x00007ff8e1205000 	C:\WINDOWS\System32\SHCORE.dll
0x00007ff8e0e70000 - 0x00007ff8e0ed6000 	C:\WINDOWS\System32\shlwapi.dll
0x00007ff8df270000 - 0x00007ff8df299000 	C:\WINDOWS\SYSTEM32\profapi.dll
0x00007ff8b14c0000 - 0x00007ff8b14d9000 	C:\Program Files\Java\jdk-17\bin\net.dll
0x00007ff8ce2f0000 - 0x00007ff8ce418000 	C:\WINDOWS\SYSTEM32\WINHTTP.dll
0x00007ff8de670000 - 0x00007ff8de6db000 	C:\WINDOWS\system32\mswsock.dll
0x00007ff8b1460000 - 0x00007ff8b1476000 	C:\Program Files\Java\jdk-17\bin\nio.dll
0x00007ff8b1440000 - 0x00007ff8b1458000 	C:\Program Files\Java\jdk-17\bin\zip.dll
0x00007ff87d980000 - 0x00007ff87db11000 	C:\Program Files\Java\jdk-17\bin\awt.dll
0x00007ff8dbf00000 - 0x00007ff8dbf9f000 	C:\WINDOWS\SYSTEM32\apphelp.dll
0x00007ff8dc020000 - 0x00007ff8dc0cb000 	C:\WINDOWS\system32\uxtheme.dll
0x00007ff8e1f70000 - 0x00007ff8e20ce000 	C:\WINDOWS\System32\MSCTF.dll
0x00007ff8dffa0000 - 0x00007ff8e0137000 	C:\WINDOWS\System32\ole32.dll
0x00007ff8dbea0000 - 0x00007ff8dbed0000 	C:\WINDOWS\system32\DWMAPI.DLL
0x00007ff8a18f0000 - 0x00007ff8a1977000 	C:\Program Files\Java\jdk-17\bin\freetype.dll
0x00007ff8a1800000 - 0x00007ff8a18f0000 	C:\Program Files\Java\jdk-17\bin\fontmanager.dll
0x00007ff8c4210000 - 0x00007ff8c4320000 	C:\WINDOWS\system32\opengl32.dll
0x00007ff8c3f30000 - 0x00007ff8c3f5d000 	C:\WINDOWS\SYSTEM32\GLU32.dll
0x00007ff8dc4a0000 - 0x00007ff8dc4e4000 	C:\WINDOWS\SYSTEM32\dxcore.dll
0x00007ff8ac640000 - 0x00007ff8ac788000 	C:\WINDOWS\SYSTEM32\textinputframework.dll
0x00007ff8d9630000 - 0x00007ff8d9757000 	C:\WINDOWS\SYSTEM32\CoreMessaging.dll
0x00007ff8d6770000 - 0x00007ff8d6a52000 	C:\WINDOWS\SYSTEM32\CoreUIComponents.dll
0x00007ff8de950000 - 0x00007ff8de95c000 	C:\WINDOWS\SYSTEM32\CRYPTBASE.DLL
0x00007ff8e05e0000 - 0x00007ff8e0690000 	C:\WINDOWS\System32\clbcatq.dll
0x00007ff8d8170000 - 0x00007ff8d83a0000 	C:\WINDOWS\SYSTEM32\WindowsCodecs.dll
0x00007ff8a5fb0000 - 0x00007ff8a600a000 	C:\WINDOWS\system32\dataexchange.dll
0x00007ff8cc1f0000 - 0x00007ff8cc434000 	C:\WINDOWS\system32\twinapi.appcore.dll
0x00007ff8a1fa0000 - 0x00007ff8a201e000 	C:\WINDOWS\system32\Ninput.dll
0x00007ff8ddca0000 - 0x00007ff8dddcc000 	C:\WINDOWS\SYSTEM32\DNSAPI.dll
0x00007ff8ddbc0000 - 0x00007ff8ddbf4000 	C:\WINDOWS\SYSTEM32\IPHLPAPI.DLL
0x00007ff8e1ac0000 - 0x00007ff8e1aca000 	C:\WINDOWS\System32\NSI.dll
0x00007ff8d42c0000 - 0x00007ff8d42cb000 	C:\Windows\System32\rasadhlp.dll
0x00007ff8d66c0000 - 0x00007ff8d6746000 	C:\WINDOWS\System32\fwpuclnt.dll

dbghelp: loaded successfully - version: 4.0.5 - missing functions: none
symbol engine: initialized successfully - sym options: 0x614 - pdb path: .;C:\Program Files\Java\jdk-17\bin;C:\WINDOWS\SYSTEM32;C:\WINDOWS\WinSxS\amd64_microsoft.windows.common-controls_6595b64144ccf1df_6.0.26100.7309_none_3e05feeae336a044;C:\Program Files\Java\jdk-17\bin\server

VM Arguments:
jvm_args: -Dfile.encoding=UTF-8 
java_command: otobusbiletsatissistemi.AnaSayfa
java_class_path (initial): C:\Users\hashe\Desktop\mysql-connector-j-8.0.33.jar;C:\Users\hashe\Desktop\OtobusBiletSatisSistemiProje-master\OtobusBiletSatisSistemiProje-master\build\classes
Launcher Type: SUN_STANDARD

[Global flags]
     intx CICompilerCount                          = 4                                         {product} {ergonomic}
     uint ConcGCThreads                            = 2                                         {product} {ergonomic}
     uint G1ConcRefinementThreads                  = 8                                         {product} {ergonomic}
   size_t G1HeapRegionSize                         = 2097152                                   {product} {ergonomic}
    uintx GCDrainStackTargetSize                   = 64                                        {product} {ergonomic}
   size_t InitialHeapSize                          = 264241152                                 {product} {ergonomic}
   size_t MarkStackSize                            = 4194304                                   {product} {ergonomic}
   size_t MaxHeapSize                              = 4227858432                                {product} {ergonomic}
   size_t MaxNewSize                               = 2535456768                                {product} {ergonomic}
   size_t MinHeapDeltaBytes                        = 2097152                                   {product} {ergonomic}
   size_t MinHeapSize                              = 8388608                                   {product} {ergonomic}
    uintx NonNMethodCodeHeapSize                   = 5839372                                {pd product} {ergonomic}
    uintx NonProfiledCodeHeapSize                  = 122909434                              {pd product} {ergonomic}
    uintx ProfiledCodeHeapSize                     = 122909434                              {pd product} {ergonomic}
    uintx ReservedCodeCacheSize                    = 251658240                              {pd product} {ergonomic}
     bool SegmentedCodeCache                       = true                                      {product} {ergonomic}
   size_t SoftMaxHeapSize                          = 4227858432                             {manageable} {ergonomic}
     bool UseCompressedClassPointers               = true                           {product lp64_product} {ergonomic}
     bool UseCompressedOops                        = true                           {product lp64_product} {ergonomic}
     bool UseG1GC                                  = true                                      {product} {ergonomic}
     bool UseLargePagesIndividualAllocation        = false                                  {pd product} {ergonomic}

Logging:
Log output configuration:
 #0: stdout all=warning uptime,level,tags
 #1: stderr all=off uptime,level,tags

Environment Variables:
PATH=C:\Program Files\Common Files\Oracle\Java\javapath;C:\Program Files\NVIDIA GPU Computing Toolkit\CUDA\v12.6\bin;C:\Program Files\NVIDIA GPU Computing Toolkit\CUDA\v12.6\libnvvp;C:\Program Files\Microsoft MPI\Bin\;C:\Program Files (x86)\Common Files\Intel\Shared Libraries\redist\intel64\compiler;C:\Windows\system32;C:\Windows;C:\Windows\System32\Wbem;C:\Windows\System32\WindowsPowerShell\v1.0\;C:\Windows\System32\OpenSSH\;C:\Program Files\dotnet\;C:\WINDOWS\system32;C:\WINDOWS;C:\WINDOWS\System32\Wbem;C:\WINDOWS\System32\WindowsPowerShell\v1.0\;C:\WINDOWS\System32\OpenSSH\;C:\Users\hashe\Desktop\mingw32;C:\Program Files\Git\cmd;C:\Program Files\NVIDIA Corporation\NVIDIA app\NvDLISR;C:\Program Files (x86)\NVIDIA Corporation\PhysX\Common;C:\Program Files\NVIDIA Corporation\Nsight Compute 2024.3.2\;C:\Program Files\MySQL\MySQL Server 8.0\bin;C:\Program Files\cursor\resources\app\bin;C:\Program Files\MySQL\MySQL Shell 8.0\bin\;C:\Users\hashe\AppData\Local\Programs\Microsoft VS Code\bin;C:\Users\hashe\AppData\Local\GitHubDesktop\bin;C:\Users\hashe\Desktop\openJdk-25\bin;
USERNAME=hashe
OS=Windows_NT
PROCESSOR_IDENTIFIER=Intel64 Family 6 Model 140 Stepping 1, GenuineIntel



---------------  S Y S T E M  ---------------

OS:
 Windows 11 , 64 bit Build 26100 (10.0.26100.7309)
OS uptime: 1 days 3:02 hours

CPU: total 8 (initial active 8) (4 cores per cpu, 2 threads per core) family 6 model 140 stepping 1 microcode 0xa4, cx8, cmov, fxsr, ht, mmx, 3dnowpref, sse, sse2, sse3, ssse3, sse4.1, sse4.2, popcnt, lzcnt, tsc, tscinvbit, avx, avx2, aes, erms, clmul, bmi1, bmi2, adx, avx512f, avx512dq, avx512cd, avx512bw, avx512vl, sha, fma, vzeroupper, avx512_vpopcntdq, avx512_vpclmulqdq, avx512_vaes, avx512_vnni, clflush, clflushopt, clwb, avx512_vbmi2, avx512_vbmi

Memory: 4k page, system-wide physical 16122M (1865M free)
TotalPageFile size 48890M (AvailPageFile size 7M)
current process WorkingSet (physical memory assigned to process): 180M, peak: 181M
current process commit charge ("private bytes"): 405M, peak: 406M

vm_info: Java HotSpot(TM) 64-Bit Server VM (17.0.17+8-LTS-360) for windows-amd64 JRE (17.0.17+8-LTS-360), built on Sep 27 2025 05:17:01 by "mach5run" with MS VC++ 17.6 (VS2022)

END.
